Component: ARM Compiler 5.06 update 6 (build 750) Tool: armlink [4d35ed]

==============================================================================

Section Cross References

    main.o(.text) refers to delay.o(.text) for delay_init
    main.o(.text) refers to misc.o(.text) for NVIC_PriorityGroupConfig
    main.o(.text) refers to usart.o(.text) for uart_init
    main.o(.text) refers to usart3.o(.text) for usart3_init
    main.o(.text) refers to timer.o(.text) for TIM3_PWM_Init
    main.o(.text) refers to stm32f10x_tim.o(.text) for TIM_SetCompare2
    main.o(.text) refers to stm32f10x_usart.o(.text) for USART_SendData
    main.o(.text) refers to printf1.o(i.__0printf$1) for __2printf
    main.o(.text) refers to usart.o(.data) for USART_RX_STA
    main.o(.text) refers to usart.o(.bss) for USART_RX_BUF
    system_stm32f10x.o(.text) refers to system_stm32f10x.o(.data) for SystemCoreClock
    led.o(.text) refers to stm32f10x_rcc.o(.text) for RCC_APB2PeriphClockCmd
    led.o(.text) refers to stm32f10x_gpio.o(.text) for GPIO_Init
    key.o(.text) refers to stm32f10x_rcc.o(.text) for RCC_APB2PeriphClockCmd
    key.o(.text) refers to stm32f10x_gpio.o(.text) for GPIO_Init
    key.o(.text) refers to delay.o(.text) for delay_ms
    key.o(.text) refers to key.o(.data) for key_up
    timer.o(.text) refers to sys.o(.text) for MY_NVIC_Init
    timer.o(.text) refers to stm32f10x_rcc.o(.text) for RCC_APB1PeriphClockCmd
    timer.o(.text) refers to stm32f10x_gpio.o(.text) for GPIO_PinRemapConfig
    timer.o(.text) refers to stm32f10x_tim.o(.text) for TIM_TimeBaseInit
    timer.o(.text) refers to pid.o(.text) for PID_x
    timer.o(.text) refers to motor.o(.text) for Servor_2
    timer.o(.text) refers to timer.o(.data) for Flag_Target
    motor.o(.text) refers to f2d.o(.text) for __aeabi_f2d
    motor.o(.text) refers to dmul.o(.text) for __aeabi_dmul
    motor.o(.text) refers to dadd.o(.text) for __aeabi_dadd
    motor.o(.text) refers to dfixi.o(.text) for __aeabi_d2iz
    motor.o(.text) refers to cos.o(i.cos) for cos
    motor.o(.text) refers to d2f.o(.text) for __aeabi_d2f
    motor.o(.text) refers to sin.o(i.sin) for sin
    motor.o(.text) refers to fadd.o(.text) for __aeabi_fsub
    motor.o(.text) refers to fmul.o(.text) for __aeabi_fmul
    motor.o(.text) refers to sqrt.o(i.sqrt) for sqrt
    motor.o(.text) refers to ddiv.o(.text) for __aeabi_ddiv
    motor.o(.text) refers to atan.o(i.atan) for atan
    motor.o(.text) refers to asin.o(i.asin) for asin
    motor.o(.text) refers to printf1.o(i.__0printf$1) for __2printf
    motor.o(.text) refers to stm32f10x_tim.o(.text) for TIM_SetCompare2
    motor.o(.text) refers to dflti.o(.text) for __aeabi_i2d
    motor.o(.text) refers to motor.o(.data) for x1_p
    motor.o(.text) refers to fflti.o(.text) for __aeabi_i2f
    motor.o(.text) refers to fdiv.o(.text) for __aeabi_fdiv
    dma.o(.text) refers to stm32f10x_rcc.o(.text) for RCC_AHBPeriphClockCmd
    dma.o(.text) refers to stm32f10x_dma.o(.text) for DMA_DeInit
    dma.o(.text) refers to stm32f10x_usart.o(.text) for USART_ITConfig
    dma.o(.text) refers to dma.o(.bss) for receivebuf
    pid.o(.text) refers to fadd.o(.text) for __aeabi_fsub
    pid.o(.text) refers to cfrcmple.o(.text) for __aeabi_cfrcmple
    pid.o(.text) refers to cfcmple.o(.text) for __aeabi_cfcmple
    pid.o(.text) refers to fdiv.o(.text) for __aeabi_fdiv
    pid.o(.text) refers to ffixi.o(.text) for __aeabi_f2iz
    pid.o(.text) refers to fmul.o(.text) for __aeabi_fmul
    pid.o(.text) refers to fflti.o(.text) for __aeabi_i2f
    pid.o(.text) refers to pid.o(.data) for x_setpos
    pid.o(.text) refers to usart3.o(.data) for x_pos
    delay.o(.text) refers to misc.o(.text) for SysTick_CLKSourceConfig
    delay.o(.text) refers to system_stm32f10x.o(.data) for SystemCoreClock
    delay.o(.text) refers to delay.o(.data) for fac_us
    usart.o(.text) refers to stm32f10x_rcc.o(.text) for RCC_APB2PeriphClockCmd
    usart.o(.text) refers to stm32f10x_gpio.o(.text) for GPIO_Init
    usart.o(.text) refers to misc.o(.text) for NVIC_Init
    usart.o(.text) refers to stm32f10x_usart.o(.text) for USART_Init
    usart.o(.text) refers to usart.o(.data) for USART_RX_STA
    usart.o(.text) refers to usart.o(.bss) for USART_RX_BUF
    usart3.o(.text) refers to fflti.o(.text) for __aeabi_i2f
    usart3.o(.text) refers to stm32f10x_usart.o(.text) for USART_GetITStatus
    usart3.o(.text) refers to stm32f10x_rcc.o(.text) for RCC_APB2PeriphClockCmd
    usart3.o(.text) refers to stm32f10x_gpio.o(.text) for GPIO_Init
    usart3.o(.text) refers to misc.o(.text) for NVIC_Init
    usart3.o(.text) refers to usart3.o(.data) for x_pos
    startup_stm32f10x_hd.o(RESET) refers to startup_stm32f10x_hd.o(STACK) for __initial_sp
    startup_stm32f10x_hd.o(RESET) refers to startup_stm32f10x_hd.o(.text) for Reset_Handler
    startup_stm32f10x_hd.o(RESET) refers to stm32f10x_it.o(.text) for NMI_Handler
    startup_stm32f10x_hd.o(RESET) refers to timer.o(.text) for TIM4_IRQHandler
[...]
    printf8.o(i.__0sprintf$8) refers to printf8.o(i._printf_core) for _printf_core
    printf8.o(i.__0sprintf$8) refers to printf8.o(i._sputc) for _sputc
    printf8.o(i.__0vfprintf$8) refers to printf8.o(i._printf_core) for _printf_core
    printf8.o(i.__0vfprintf$8) refers to usart.o(.text) for fputc
    printf8.o(i.__0vprintf$8) refers to printf8.o(i._printf_core) for _printf_core
    printf8.o(i.__0vprintf$8) refers to usart.o(.text) for fputc
    printf8.o(i.__0vprintf$8) refers to usart.o(.data) for __stdout
    printf8.o(i.__0vsnprintf$8) refers to printf8.o(i._printf_core) for _printf_core
    printf8.o(i.__0vsnprintf$8) refers to printf8.o(i._snputc) for _snputc
    printf8.o(i.__0vsprintf$8) refers to printf8.o(i._printf_core) for _printf_core
    printf8.o(i.__0vsprintf$8) refers to printf8.o(i._sputc) for _sputc
    printf8.o(i._printf_core) refers to printf8.o(i._printf_pre_padding) for _printf_pre_padding
    printf8.o(i._printf_core) refers to uldiv.o(.text) for __aeabi_uldivmod
    printf8.o(i._printf_core) refers to printf8.o(i._printf_post_padding) for _printf_post_padding
    printfa.o(i.__0fprintf) refers (Special) to iusefp.o(.text) for __I$use$fp
    printfa.o(i.__0fprintf) refers to printfa.o(i._printf_core) for _printf_core
    printfa.o(i.__0fprintf) refers to usart.o(.text) for fputc
    printfa.o(i.__0printf) refers (Special) to iusefp.o(.text) for __I$use$fp
    printfa.o(i.__0printf) refers to printfa.o(i._printf_core) for _printf_core
    printfa.o(i.__0printf) refers to usart.o(.text) for fputc
    printfa.o(i.__0printf) refers to usart.o(.data) for __stdout
    printfa.o(i.__0snprintf) refers (Special) to iusefp.o(.text) for __I$use$fp
    printfa.o(i.__0snprintf) refers to printfa.o(i._printf_core) for _printf_core
    printfa.o(i.__0snprintf) refers to printfa.o(i._snputc) for _snputc
    printfa.o(i.__0sprintf) refers (Special) to iusefp.o(.text) for __I$use$fp
    printfa.o(i.__0sprintf) refers to printfa.o(i._printf_core) for _printf_core
    printfa.o(i.__0sprintf) refers to printfa.o(i._sputc) for _sputc
    printfa.o(i.__0vfprintf) refers (Special) to iusefp.o(.text) for __I$use$fp
    printfa.o(i.__0vfprintf) refers to printfa.o(i._printf_core) for _printf_core
    printfa.o(i.__0vfprintf) refers to usart.o(.text) for fputc
    printfa.o(i.__0vprintf) refers (Special) to iusefp.o(.text) for __I$use$fp
    printfa.o(i.__0vprintf) refers to printfa.o(i._printf_core) for _printf_core
    printfa.o(i.__0vprintf) refers to usart.o(.text) for fputc
    printfa.o(i.__0vprintf) refers to usart.o(.data) for __stdout
    printfa.o(i.__0vsnprintf) refers (Special) to iusefp.o(.text) for __I$use$fp
    printfa.o(i.__0vsnprintf) refers to printfa.o(i._printf_core) for _printf_core
    printfa.o(i.__0vsnprintf) refers to printfa.o(i._snputc) for _snputc
    printfa.o(i.__0vsprintf) refers (Special) to iusefp.o(.text) for __I$use$fp
    printfa.o(i.__0vsprintf) refers to printfa.o(i._printf_core) for _printf_core
    printfa.o(i.__0vsprintf) refers to printfa.o(i._sputc) for _sputc
    printfa.o(i._fp_digits) refers (Special) to iusefp.o(.text) for __I$use$fp
    printfa.o(i._fp_digits) refers to dmul.o(.text) for __aeabi_dmul
    printfa.o(i._fp_digits) refers to ddiv.o(.text) for __aeabi_ddiv
    printfa.o(i._fp_digits) refers to cdrcmple.o(.text) for __aeabi_cdrcmple
    printfa.o(i._fp_digits) refers to dadd.o(.text) for __aeabi_dadd
    printfa.o(i._fp_digits) refers to dfixul.o(.text) for __aeabi_d2ulz
    printfa.o(i._fp_digits) refers to uldiv.o(.text) for __aeabi_uldivmod
    printfa.o(i._printf_core) refers (Special) to iusefp.o(.text) for __I$use$fp
    printfa.o(i._printf_core) refers to printfa.o(i._printf_pre_padding) for _printf_pre_padding
    printfa.o(i._printf_core) refers to uldiv.o(.text) for __aeabi_uldivmod
    printfa.o(i._printf_core) refers to printfa.o(i._printf_post_padding) for _printf_post_padding
    printfa.o(i._printf_core) refers to printfa.o(i._fp_digits) for _fp_digits
    printfa.o(i._printf_core) refers to uidiv.o(.text) for __aeabi_uidivmod
    printfa.o(i._printf_post_padding) refers (Special) to iusefp.o(.text) for __I$use$fp
    printfa.o(i._printf_pre_padding) refers (Special) to iusefp.o(.text) for __I$use$fp
    printfa.o(i._snputc) refers (Special) to iusefp.o(.text) for __I$use$fp
    printfa.o(i._sputc) refers (Special) to iusefp.o(.text) for __I$use$fp
    fadd.o(.text) refers (Special) to iusefp.o(.text) for __I$use$fp
    fadd.o(.text) refers to fepilogue.o(.text) for _float_epilogue
    fmul.o(.text) refers (Special) to iusefp.o(.text) for __I$use$fp
    fdiv.o(.text) refers (Special) to iusefp.o(.text) for __I$use$fp
    fdiv.o(.text) refers to fepilogue.o(.text) for _float_round
    dadd.o(.text) refers (Special) to iusefp.o(.text) for __I$use$fp
    dadd.o(.text) refers to llshl.o(.text) for __aeabi_llsl
    dadd.o(.text) refers to llsshr.o(.text) for __aeabi_lasr
    dadd.o(.text) refers to depilogue.o(.text) for _double_epilogue
    dmul.o(.text) refers (Special) to iusefp.o(.text) for __I$use$fp
    dmul.o(.text) refers to depilogue.o(.text) for _double_epilogue
    ddiv.o(.text) refers (Special) to iusefp.o(.text) for __I$use$fp
    ddiv.o(.text) refers to depilogue.o(.text) for _double_round
    fflti.o(.text) refers (Special) to iusefp.o(.text) for __I$use$fp
    fflti.o(.text) refers to fepilogue.o(.text) for _float_epilogue
    dflti.o(.text) refers (Special) to iusefp.o(.text) for __I$use$fp
    dflti.o(.text) refers to depilogue.o(.text) for _double_epilogue
    ffixi.o(.text) refers (Special) to iusefp.o(.text) for __I$use$fp
    dfixi.o(.text) refers (Special) to iusefp.o(.text) for __I$use$fp
    dfixi.o(.text) refers to llushr.o(.text) for __aeabi_llsr
    f2d.o(.text) refers (Special) to iusefp.o(.text) for __I$use$fp
    d2f.o(.text) refers (Special) to iusefp.o(.text) for __I$use$fp
    d2f.o(.text) refers to fepilogue.o(.text) for _float_round
    cfcmple.o(.text) refers (Special) to iusefp.o(.text) for __I$use$fp
    cfrcmple.o(.text) refers (Special) to iusefp.o(.text) for __I$use$fp
    cos_i.o(i.__kernel_cos) refers (Special) to iusefp.o(.text) for __I$use$fp
    cos_i.o(i.__kernel_cos) refers to dfixi.o(.text) for __aeabi_d2iz
    cos_i.o(i.__kernel_cos) refers to dmul.o(.text) for __aeabi_dmul
    cos_i.o(i.__kernel_cos) refers to poly.o(i.__kernel_poly) for __kernel_poly
    cos_i.o(i.__kernel_cos) refers to dadd.o(.text) for __aeabi_dsub
    cos_i.o(i.__kernel_cos) refers to dscalb.o(.text) for __ARM_scalbn
    cos_i.o(i.__kernel_cos) refers to cos_i.o(.constdata) for .constdata
    cos_i.o(.constdata) refers (Special) to iusefp.o(.text) for __I$use$fp
    dunder.o(i.__mathlib_dbl_divzero) refers to ddiv.o(.text) for __aeabi_ddiv
    dunder.o(i.__mathlib_dbl_infnan) refers to dscalb.o(.text) for __ARM_scalbn
    dunder.o(i.__mathlib_dbl_infnan2) refers to dadd.o(.text) for __aeabi_dadd
    dunder.o(i.__mathlib_dbl_invalid) refers to ddiv.o(.text) for __aeabi_ddiv
    dunder.o(i.__mathlib_dbl_overflow) refers to dscalb.o(.text) for __ARM_scalbn
    dunder.o(i.__mathlib_dbl_posinfnan) refers to dmul.o(.text) for __aeabi_dmul
    dunder.o(i.__mathlib_dbl_underflow) refers to dscalb.o(.text) for __ARM_scalbn
    fpclassify.o(i.__ARM_fpclassify) refers (Special) to iusefp.o(.text) for __I$use$fp
    poly.o(i.__kernel_poly) refers (Special) to iusefp.o(.text) for __I$use$fp
    poly.o(i.__kernel_poly) refers to dmul.o(.text) for __aeabi_dmul
    poly.o(i.__kernel_poly) refers to dadd.o(.text) for __aeabi_dadd
    rred.o(i.__ieee754_rem_pio2) refers (Special) to iusefp.o(.text) for __I$use$fp
    rred.o(i.__ieee754_rem_pio2) refers to dadd.o(.text) for __aeabi_dsub
    rred.o(i.__ieee754_rem_pio2) refers to dmul.o(.text) for __aeabi_dmul
    rred.o(i.__ieee754_rem_pio2) refers to dfixi.o(.text) for __aeabi_d2iz
    rred.o(i.__ieee754_rem_pio2) refers to dflti.o(.text) for __aeabi_i2d
    rred.o(i.__ieee754_rem_pio2) refers to dfltui.o(.text) for __aeabi_ui2d
    rred.o(i.__ieee754_rem_pio2) refers to dscalb.o(.text) for __ARM_scalbn
    rred.o(i.__ieee754_rem_pio2) refers to rred.o(.constdata) for .constdata
    rred.o(i.__use_accurate_range_reduction) refers (Special) to iusefp.o(.text) for __I$use$fp
    rred.o(.constdata) refers (Special) to iusefp.o(.text) for __I$use$fp
    sin_i.o(i.__kernel_sin) refers (Special) to iusefp.o(.text) for __I$use$fp
    sin_i.o(i.__kernel_sin) refers to fpclassify.o(i.__ARM_fpclassify) for __ARM_fpclassify
    sin_i.o(i.__kernel_sin) refers to dunder.o(i.__mathlib_dbl_underflow) for __mathlib_dbl_underflow
    sin_i.o(i.__kernel_sin) refers to dmul.o(.text) for __aeabi_dmul
    sin_i.o(i.__kernel_sin) refers to poly.o(i.__kernel_poly) for __kernel_poly
    sin_i.o(i.__kernel_sin) refers to dscalb.o(.text) for __ARM_scalbn
    sin_i.o(i.__kernel_sin) refers to dadd.o(.text) for __aeabi_dsub
    sin_i.o(i.__kernel_sin) refers to sin_i.o(.constdata) for .constdata
    sin_i.o(.constdata) refers (Special) to iusefp.o(.text) for __I$use$fp
    sin_i_x.o(i.____kernel_sin$lsc) refers (Special) to iusefp.o(.text) for __I$use$fp
    sin_i_x.o(i.____kernel_sin$lsc) refers to dmul.o(.text) for __aeabi_dmul
    sin_i_x.o(i.____kernel_sin$lsc) refers to poly.o(i.__kernel_poly) for __kernel_poly
    sin_i_x.o(i.____kernel_sin$lsc) refers to dscalb.o(.text) for __ARM_scalbn
    sin_i_x.o(i.____kernel_sin$lsc) refers to dadd.o(.text) for __aeabi_dsub
    sin_i_x.o(i.____kernel_sin$lsc) refers to sin_i_x.o(.constdata) for .constdata
    sin_i_x.o(.constdata) refers (Special) to iusefp.o(.text) for __I$use$fp
    entry2.o(.ARM.Collect$$$$00000001) refers to entry2.o(.ARM.Collect$$$$00002712) for __lit__00000000
    entry2.o(.ARM.Collect$$$$00002712) refers to startup_stm32f10x_hd.o(STACK) for __initial_sp
    entry2.o(__vectab_stack_and_reset_area) refers to startup_stm32f10x_hd.o(STACK) for __initial_sp
    entry2.o(__vectab_stack_and_reset_area) refers to entry.o(.ARM.Collect$$$$00000000) for __main
    entry5.o(.ARM.Collect$$$$00000004) refers to init.o(.text) for __scatterload
    entry9a.o(.ARM.Collect$$$$0000000B) refers to main.o(.text) for main
    entry9b.o(.ARM.Collect$$$$0000000C) refers to main.o(.text) for main
    uldiv.o(.text) refers to llushr.o(.text) for __aeabi_llsr
    uldiv.o(.text) refers to llshl.o(.text) for __aeabi_llsl
    errno.o(i.__aeabi_errno_addr) refers to errno.o(.data) for .data
    errno.o(i.__read_errno) refers to errno.o(.data) for .data
    errno.o(i.__set_errno) refers to errno.o(.data) for .data
    depilogue.o(.text) refers to llshl.o(.text) for __aeabi_llsl
    depilogue.o(.text) refers to llushr.o(.text) for __aeabi_llsr
    dsqrt.o(.text) refers to llushr.o(.text) for __aeabi_llsr
    dsqrt.o(.text) refers to depilogue.o(.text) for _double_round
    dfixul.o(.text) refers to llushr.o(.text) for __aeabi_llsr
    dfixul.o(.text) refers to llshl.o(.text) for __aeabi_llsl
    init.o(.text) refers to entry5.o(.ARM.Collect$$$$00000004) for __main_after_scatterload
    dfltui.o(.text) refers to depilogue.o(.text) for _double_epilogue


==============================================================================

Removing Unused input sections from the image.

    Removing led.o(.text), (44 bytes).
    Removing key.o(.text), (252 bytes).
    Removing key.o(.data), (1 bytes).
    Removing dma.o(.text), (120 bytes).
    Removing dma.o(.bss), (10 bytes).
    Removing sys.o(.emb_text), (6 bytes).
    Removing usart3.o(.bss), (1200 bytes).
    Removing core_cm3.o(.emb_text), (32 bytes).
    Removing startup_stm32f10x_hd.o(HEAP), (512 bytes).
    Removing stm32f10x_dma.o(.text), (596 bytes).
    Removing dfixul.o(.text), (48 bytes).
    Removing cdcmple.o(.text), (48 bytes).
    Removing cdrcmple.o(.text), (48 bytes).

13 unused section(s) (total 2917 bytes) removed from the image.

==============================================================================

Image Symbol Table

    Local Symbols

    Symbol Name                              Value     Ov Type        Size  Object(Section)

    ../clib/microlib/division.c              0x00000000   Number         0  uidiv.o ABSOLUTE
    ../clib/microlib/division.c              0x00000000   Number         0  uldiv.o ABSOLUTE
    ../clib/microlib/errno.c                 0x00000000   Number         0  errno.o ABSOLUTE
    ../clib/microlib/init/entry.s            0x00000000   Number         0  entry7a.o ABSOLUTE
    ../clib/microlib/init/entry.s            0x00000000   Number         0  entry11b.o ABSOLUTE
    ../clib/microlib/init/entry.s            0x00000000   Number         0  entry11a.o ABSOLUTE
    ../clib/microlib/init/entry.s            0x00000000   Number         0  entry10b.o ABSOLUTE
    ../clib/microlib/init/entry.s            0x00000000   Number         0  entry10a.o ABSOLUTE
    ../clib/microlib/init/entry.s            0x00000000   Number         0  entry9b.o ABSOLUTE
    ../clib/microlib/init/entry.s            0x00000000   Number         0  entry9a.o ABSOLUTE
    ../clib/microlib/init/entry.s            0x00000000   Number         0  entry8a.o ABSOLUTE
    ../clib/microlib/init/entry.s            0x00000000   Number         0  entry.o ABSOLUTE
    ../clib/microlib/init/entry.s            0x00000000   Number         0  entry5.o ABSOLUTE
    ../clib/microlib/init/entry.s            0x00000000   Number         0  entry7b.o ABSOLUTE
    ../clib/microlib/init/entry.s            0x00000000   Number         0  entry8b.o ABSOLUTE
    ../clib/microlib/init/entry.s            0x00000000   Number         0  entry2.o ABSOLUTE
    ../clib/microlib/longlong.c              0x00000000   Number         0  llsshr.o ABSOLUTE
    ../clib/microlib/longlong.c              0x00000000   Number         0  llushr.o ABSOLUTE
    ../clib/microlib/longlong.c              0x00000000   Number         0  llshl.o ABSOLUTE
    ../clib/microlib/printf/printf.c         0x00000000   Number         0  printf0.o ABSOLUTE
    ../clib/microlib/printf/printf.c         0x00000000   Number         0  printf2.o ABSOLUTE
    ../clib/microlib/printf/printf.c         0x00000000   Number         0  printfb.o ABSOLUTE
    ../clib/microlib/printf/printf.c         0x00000000   Number         0  printf1.o ABSOLUTE
    ../clib/microlib/printf/printf.c         0x00000000   Number         0  printf5.o ABSOLUTE
    ../clib/microlib/printf/printf.c         0x00000000   Number         0  printfa.o ABSOLUTE
    ../clib/microlib/printf/printf.c         0x00000000   Number         0  printf8.o ABSOLUTE
    ../clib/microlib/printf/printf.c         0x00000000   Number         0  printf3.o ABSOLUTE
    ../clib/microlib/printf/printf.c         0x00000000   Number         0  printf7.o ABSOLUTE
    ../clib/microlib/printf/printf.c         0x00000000   Number         0  printf6.o ABSOLUTE
    ../clib/microlib/printf/printf.c         0x00000000   Number         0  printf4.o ABSOLUTE
    ../clib/microlib/printf/stubs.s          0x00000000   Number         0  stubs.o ABSOLUTE
    ../clib/microlib/stubs.s                 0x00000000   Number         0  iusefp.o ABSOLUTE
    ../clib/microlib/stubs.s                 0x00000000   Number         0  useno.o ABSOLUTE
    ../fplib/microlib/d2f.c                  0x00000000   Number         0  d2f.o ABSOLUTE
    ../fplib/microlib/f2d.c                  0x00000000   Number         0  f2d.o ABSOLUTE
    ../fplib/microlib/fpadd.c                0x00000000   Number         0  dadd.o ABSOLUTE
    ../fplib/microlib/fpadd.c                0x00000000   Number         0  fadd.o ABSOLUTE
    ../fplib/microlib/fpdiv.c                0x00000000   Number         0  ddiv.o ABSOLUTE
    ../fplib/microlib/fpdiv.c                0x00000000   Number         0  fdiv.o ABSOLUTE
    ../fplib/microlib/fpepilogue.c           0x00000000   Number         0  depilogue.o ABSOLUTE
    ../fplib/microlib/fpepilogue.c           0x00000000   Number         0  fepilogue.o ABSOLUTE
    ../fplib/microlib/fpfix.c                0x00000000   Number         0  ffixi.o ABSOLUTE
    ../fplib/microlib/fpfix.c                0x00000000   Number         0  dfixi.o ABSOLUTE
    ../fplib/microlib/fpfix.c                0x00000000   Number         0  dfixul.o ABSOLUTE
    ../fplib/microlib/fpflt.c                0x00000000   Number         0  dflti.o ABSOLUTE
    ../fplib/microlib/fpflt.c                0x00000000   Number         0  fflti.o ABSOLUTE
    ../fplib/microlib/fpflt.c                0x00000000   Number         0  dfltui.o ABSOLUTE
    ../fplib/microlib/fpmul.c                0x00000000   Number         0  fmul.o ABSOLUTE
    ../fplib/microlib/fpmul.c                0x00000000   Number         0  dmul.o ABSOLUTE
    ../fplib/microlib/fpscalb.c              0x00000000   Number         0  dscalb.o ABSOLUTE
    ../fplib/microlib/fpsqrt.c               0x00000000   Number         0  dsqrt.o ABSOLUTE
    ../mathlib/asin.c                        0x00000000   Number         0  asin_x.o ABSOLUTE
    ../mathlib/asin.c                        0x00000000   Number         0  asin.o ABSOLUTE
    ../mathlib/atan.c                        0x00000000   Number         0  atan_x.o ABSOLUTE
    ../mathlib/atan.c                        0x00000000   Number         0  atan.o ABSOLUTE
    ../mathlib/cos.c                         0x00000000   Number         0  cos_x.o ABSOLUTE
    ../mathlib/cos.c                         0x00000000   Number         0  cos.o ABSOLUTE
    ../mathlib/cos_i.c                       0x00000000   Number         0  cos_i.o ABSOLUTE
    ../mathlib/dunder.c                      0x00000000   Number         0  dunder.o ABSOLUTE
    ../mathlib/fpclassify.c                  0x00000000   Number         0  fpclassify.o ABSOLUTE
    ../mathlib/poly.c                        0x00000000   Number         0  poly.o ABSOLUTE
    ../mathlib/rred.c                        0x00000000   Number         0  rred.o ABSOLUTE
    ../mathlib/sin.c                         0x00000000   Number         0  sin.o ABSOLUTE
    ../mathlib/sin.c                         0x00000000   Number         0  sin_x.o ABSOLUTE
    ../mathlib/sin_i.c                       0x00000000   Number         0  sin_i.o ABSOLUTE
    ../mathlib/sin_i.c                       0x00000000   Number         0  sin_i_x.o ABSOLUTE
    ../mathlib/sqrt.c                        0x00000000   Number         0  sqrt_x.o ABSOLUTE
    ../mathlib/sqrt.c                        0x00000000   Number         0  sqrt.o ABSOLUTE
    ..\CORE\core_cm3.c                       0x00000000   Number         0  core_cm3.o ABSOLUTE
    ..\CORE\startup_stm32f10x_hd.s           0x00000000   Number         0  startup_stm32f10x_hd.o ABSOLUTE
    ..\HARDWARE\DMA\dma.c                    0x00000000   Number         0  dma.o ABSOLUTE
    ..\HARDWARE\KEY\key.c                    0x00000000   Number         0  key.o ABSOLUTE
    ..\HARDWARE\LED\led.c                    0x00000000   Number         0  led.o ABSOLUTE
    ..\HARDWARE\PID\pid.c                    0x00000000   Number         0  pid.o ABSOLUTE
    ..\HARDWARE\TIMER\timer.c                0x00000000   Number         0  timer.o ABSOLUTE
    ..\HARDWARE\motor\motor.c                0x00000000   Number         0  motor.o ABSOLUTE
    ..\STM32F10x_FWLib\src\misc.c            0x00000000   Number         0  misc.o ABSOLUTE
    ..\STM32F10x_FWLib\src\stm32f10x_dma.c   0x00000000   Number         0  stm32f10x_dma.o ABSOLUTE
    ..\STM32F10x_FWLib\src\stm32f10x_gpio.c  0x00000000   Number         0  stm32f10x_gpio.o ABSOLUTE
    ..\STM32F10x_FWLib\src\stm32f10x_rcc.c   0x00000000   Number         0  stm32f10x_rcc.o ABSOLUTE
    ..\STM32F10x_FWLib\src\stm32f10x_tim.c   0x00000000   Number         0  stm32f10x_tim.o ABSOLUTE
    ..\STM32F10x_FWLib\src\stm32f10x_usart.c 0x00000000   Number         0  stm32f10x_usart.o ABSOLUTE
    ..\SYSTEM\delay\delay.c                  0x00000000   Number         0  delay.o ABSOLUTE
    ..\SYSTEM\sys\sys.c                      0x00000000   Number         0  sys.o ABSOLUTE
    ..\SYSTEM\usart3\usart3.c                0x00000000   Number         0  usart3.o ABSOLUTE
    ..\SYSTEM\usart\usart.c                  0x00000000   Number         0  usart.o ABSOLUTE
    ..\\CORE\\core_cm3.c                     0x00000000   Number         0  core_cm3.o ABSOLUTE
    ..\\SYSTEM\\sys\\sys.c                   0x00000000   Number         0  sys.o ABSOLUTE
    cdcmple.s                                0x00000000   Number         0  cdcmple.o ABSOLUTE
    cdrcmple.s                               0x00000000   Number         0  cdrcmple.o ABSOLUTE
    cfcmple.s                                0x00000000   Number         0  cfcmple.o ABSOLUTE
    cfrcmple.s                               0x00000000   Number         0  cfrcmple.o ABSOLUTE
    dc.s                                     0x00000000   Number         0  dc.o ABSOLUTE
    handlers.s                               0x00000000   Number         0  handlers.o ABSOLUTE
    init.s                                   0x00000000   Number         0  init.o ABSOLUTE
    main.c                                   0x00000000   Number         0  main.o ABSOLUTE
    stm32f10x_it.c                           0x00000000   Number         0  stm32f10x_it.o ABSOLUTE
    system_stm32f10x.c                       0x00000000   Number         0  system_stm32f10x.o ABSOLUTE
    RESET                                    0x08000000   Section      304  startup_stm32f10x_hd.o(RESET)
    .ARM.Collect$$$$00000000                 0x08000130   Section        0  entry.o(.ARM.Collect$$$$00000000)
    .ARM.Collect$$$$00000001                 0x08000130   Section        4  entry2.o(.ARM.Collect$$$$00000001)
    .ARM.Collect$$$$00000004                 0x08000134   Section        4  entry5.o(.ARM.Collect$$$$00000004)
    .ARM.Collect$$$$00000008                 0x08000138   Section        0  entry7b.o(.ARM.Collect$$$$00000008)
    .ARM.Collect$$$$0000000A                 0x08000138   Section        0  entry8b.o(.ARM.Collect$$$$0000000A)
    .ARM.Collect$$$$0000000B                 0x08000138   Section        8  entry9a.o(.ARM.Collect$$$$0000000B)
    .ARM.Collect$$$$0000000D                 0x08000140   Section        0  entry10a.o(.ARM.Collect$$$$0000000D)
    .ARM.Collect$$$$0000000F                 0x08000140   Section        0  entry11a.o(.ARM.Collect$$$$0000000F)
    .ARM.Collect$$$$00002712                 0x08000140   Section        4  entry2.o(.ARM.Collect$$$$00002712)
    __lit__00000000                          0x08000140   Data           4  entry2.o(.ARM.Collect$$$$00002712)
    .text                                    0x08000144   Section        0  main.o(.text)
    .text                                    0x08000204   Section        0  stm32f10x_it.o(.text)
    .text                                    0x08000220   Section        0  system_stm32f10x.o(.text)
    SetSysClockTo72                          0x08000221   Thumb Code   214  system_stm32f10x.o(.text)
    SetSysClock                              0x080002f7   Thumb Code     8  system_stm32f10x.o(.text)
    .text                                    0x08000400   Section        0  timer.o(.text)
    .text                                    0x080005c0   Section        0  motor.o(.text)
    .text                                    0x08000e80   Section        0  pid.o(.text)
    .text                                    0x08001018   Section        0  delay.o(.text)
    .text                                    0x080010ec   Section        0  sys.o(.text)
    .text                                    0x080013b4   Section        0  usart.o(.text)
    .text                                    0x080014f4   Section        0  usart3.o(.text)
    .text                                    0x08001728   Section       36  startup_stm32f10x_hd.o(.text)
    .text                                    0x0800174c   Section        0  misc.o(.text)
    .text                                    0x08001828   Section        0  stm32f10x_gpio.o(.text)
    .text                                    0x08001b84   Section        0  stm32f10x_rcc.o(.text)
    .text                                    0x08001f28   Section        0  stm32f10x_tim.o(.text)
    TI4_Config                               0x080023cf   Thumb Code   130  stm32f10x_tim.o(.text)
    TI3_Config                               0x08002463   Thumb Code   122  stm32f10x_tim.o(.text)
    TI2_Config                               0x080024f7   Thumb Code   130  stm32f10x_tim.o(.text)
    TI1_Config                               0x0800258b   Thumb Code   108  stm32f10x_tim.o(.text)
    .text                                    0x08002d44   Section        0  stm32f10x_usart.o(.text)
    .text                                    0x0800314c   Section        0  fadd.o(.text)
    .text                                    0x080031fc   Section        0  fmul.o(.text)
    .text                                    0x08003260   Section        0  fdiv.o(.text)
    .text                                    0x080032dc   Section        0  dadd.o(.text)
    .text                                    0x0800342a   Section        0  dmul.o(.text)
    .text                                    0x0800350e   Section        0  ddiv.o(.text)
    .text                                    0x080035ec   Section        0  fflti.o(.text)
    .text                                    0x080035fe   Section        0  dflti.o(.text)
    .text                                    0x08003620   Section        0  ffixi.o(.text)
    .text                                    0x08003652   Section        0  dfixi.o(.text)
    .text                                    0x08003690   Section        0  f2d.o(.text)
    .text                                    0x080036b6   Section        0  d2f.o(.text)
    .text                                    0x080036f0   Section       20  cfcmple.o(.text)
    .text                                    0x08003704   Section       20  cfrcmple.o(.text)
    .text                                    0x08003718   Section        0  uidiv.o(.text)
    .text                                    0x08003744   Section        0  llshl.o(.text)
    .text                                    0x08003762   Section        0  llushr.o(.text)
    .text                                    0x08003782   Section        0  llsshr.o(.text)
    .text                                    0x080037a6   Section        0  iusefp.o(.text)
    .text                                    0x080037a6   Section        0  fepilogue.o(.text)
    .text                                    0x08003814   Section        0  depilogue.o(.text)
    .text                                    0x080038ce   Section        0  dscalb.o(.text)
    .text                                    0x080038fc   Section        0  dsqrt.o(.text)
    .text                                    0x080039a0   Section       36  init.o(.text)
    .text                                    0x080039c4   Section        0  dfltui.o(.text)
    i.__0printf$1                            0x080039e0   Section        0  printf1.o(i.__0printf$1)
    i.__ARM_fpclassify                       0x08003a00   Section        0  fpclassify.o(i.__ARM_fpclassify)
    i.__ieee754_rem_pio2                     0x08003a28   Section        0  rred.o(i.__ieee754_rem_pio2)
    i.__kernel_cos                           0x08003db0   Section        0  cos_i.o(i.__kernel_cos)
    i.__kernel_poly                          0x08003eac   Section        0  poly.o(i.__kernel_poly)
    i.__kernel_sin                           0x08003f58   Section        0  sin_i.o(i.__kernel_sin)
    i.__mathlib_dbl_infnan                   0x08004044   Section        0  dunder.o(i.__mathlib_dbl_infnan)
    i.__mathlib_dbl_invalid                  0x0800404a   Section        0  dunder.o(i.__mathlib_dbl_invalid)
    i.__mathlib_dbl_underflow                0x08004058   Section        0  dunder.o(i.__mathlib_dbl_underflow)
    i.__scatterload_copy                     0x08004068   Section       14  handlers.o(i.__scatterload_copy)
    i.__scatterload_null                     0x08004076   Section        2  handlers.o(i.__scatterload_null)
    i.__scatterload_zeroinit                 0x08004078   Section       14  handlers.o(i.__scatterload_zeroinit)
    i.__set_errno                            0x08004088   Section        0  errno.o(i.__set_errno)
    i._printf_core                           0x08004094   Section        0  printf1.o(i._printf_core)
    _printf_core                             0x08004095   Thumb Code   336  printf1.o(i._printf_core)
    i.asin                                   0x080041e8   Section        0  asin.o(i.asin)
    i.atan                                   0x08004458   Section        0  atan.o(i.atan)
    i.cos                                    0x08004678   Section        0  cos.o(i.cos)
    i.sin                                    0x08004714   Section        0  sin.o(i.sin)
    i.sqrt                                   0x080047b4   Section        0  sqrt.o(i.sqrt)
    .constdata                               0x08004800   Section       80  asin.o(.constdata)
    pS                                       0x08004800   Data          48  asin.o(.constdata)
    qS                                       0x08004830   Data          32  asin.o(.constdata)
    .constdata                               0x08004850   Section      152  atan.o(.constdata)
    atanhi                                   0x08004850   Data          32  atan.o(.constdata)
    atanlo                                   0x08004870   Data          32  atan.o(.constdata)
    aTodd                                    0x08004890   Data          40  atan.o(.constdata)
    aTeven                                   0x080048b8   Data          48  atan.o(.constdata)
    .constdata                               0x080048e8   Section       48  cos_i.o(.constdata)
    C                                        0x080048e8   Data          48  cos_i.o(.constdata)
    .constdata                               0x08004918   Section      200  rred.o(.constdata)
    pio2s                                    0x08004918   Data          48  rred.o(.constdata)
    twooverpi                                0x08004948   Data         152  rred.o(.constdata)
    .constdata                               0x080049e0   Section       40  sin_i.o(.constdata)
    S                                        0x080049e0   Data          40  sin_i.o(.constdata)
    .data                                    0x20000000   Section       20  system_stm32f10x.o(.data)
    .data                                    0x20000014   Section        5  timer.o(.data)
    .data                                    0x2000001c   Section      128  motor.o(.data)
    .data                                    0x2000009c   Section       48  pid.o(.data)
    .data                                    0x200000cc   Section        4  delay.o(.data)
    fac_us                                   0x200000cc   Data           1  delay.o(.data)
    fac_ms                                   0x200000ce   Data           2  delay.o(.data)
    .data                                    0x200000d0   Section        6  usart.o(.data)
    .data                                    0x200000d8   Section       48  usart3.o(.data)
    .data                                    0x20000108   Section       20  stm32f10x_rcc.o(.data)
    APBAHBPrescTable                         0x20000108   Data          16  stm32f10x_rcc.o(.data)
    ADCPrescTable                            0x20000118   Data           4  stm32f10x_rcc.o(.data)
    .data                                    0x2000011c   Section        4  errno.o(.data)
    _errno                                   0x2000011c   Data           4  errno.o(.data)
    .bss                                     0x20000120   Section      200  usart.o(.bss)
    STACK                                    0x200001e8   Section     1024  startup_stm32f10x_hd.o(STACK)

    Global Symbols

    Symbol Name                              Value     Ov Type        Size  Object(Section)

    BuildAttributes$$THM_ISAv4$P$D$K$B$S$PE$A:L22UL41UL21$X:L11$S22US41US21$IEEE1$IW$USESV6$~STKCKD$USESV7$~SHL$OTIME$ROPI$IEEEX$EBA8$MICROLIB$REQ8$PRES8$EABIv2 0x00000000   Number         0  anon$$obj.o ABSOLUTE
    __ARM_use_no_argv                        0x00000000   Number         0  main.o ABSOLUTE
    __use_no_errno                           0x00000000   Number         0  useno.o ABSOLUTE
    __use_no_exception_handling              0x00000000   Number         0  useno.o ABSOLUTE
    __use_no_fp                              0x00000000   Number         0  useno.o ABSOLUTE
    __use_no_heap                            0x00000000   Number         0  useno.o ABSOLUTE
    __use_no_heap_region                     0x00000000   Number         0  useno.o ABSOLUTE
    __use_no_semihosting                     0x00000000   Number         0  useno.o ABSOLUTE
    __use_no_semihosting_swi                 0x00000000   Number         0  useno.o ABSOLUTE
    __use_no_signal_handling                 0x00000000   Number         0  useno.o ABSOLUTE
    _printf_a                                0x00000000   Number         0  stubs.o ABSOLUTE
    _printf_c                                0x00000000   Number         0  stubs.o ABSOLUTE
    _printf_charcount                        0x00000000   Number         0  stubs.o ABSOLUTE
    _printf_d                                0x00000000   Number         0  stubs.o ABSOLUTE
    _printf_e                                0x00000000   Number         0  stubs.o ABSOLUTE
    _printf_f                                0x00000000   Number         0  stubs.o ABSOLUTE
    _printf_flags                            0x00000000   Number         0  stubs.o ABSOLUTE
    _printf_fp_dec                           0x00000000   Number         0  stubs.o ABSOLUTE
    _printf_fp_hex                           0x00000000   Number         0  stubs.o ABSOLUTE
    _printf_g                                0x00000000   Number         0  stubs.o ABSOLUTE
    _printf_i                                0x00000000   Number         0  stubs.o ABSOLUTE
    _printf_int_dec                          0x00000000   Number         0  stubs.o ABSOLUTE
    _printf_l                                0x00000000   Number         0  stubs.o ABSOLUTE
    _printf_lc                               0x00000000   Number         0  stubs.o ABSOLUTE
    _printf_ll                               0x00000000   Number         0  stubs.o ABSOLUTE
    _printf_lld                              0x00000000   Number         0  stubs.o ABSOLUTE
    _printf_lli                              0x00000000   Number         0  stubs.o ABSOLUTE
    _printf_llo                              0x00000000   Number         0  stubs.o ABSOLUTE
    _printf_llu                              0x00000000   Number         0  stubs.o ABSOLUTE
    _printf_llx                              0x00000000   Number         0  stubs.o ABSOLUTE
    _printf_longlong_dec                     0x00000000   Number         0  stubs.o ABSOLUTE
    _printf_longlong_hex                     0x00000000   Number         0  stubs.o ABSOLUTE
    _printf_longlong_oct                     0x00000000   Number         0  stubs.o ABSOLUTE
    _printf_ls                               0x00000000   Number         0  stubs.o ABSOLUTE
    _printf_mbtowc                           0x00000000   Number         0  stubs.o ABSOLUTE
    _printf_n                                0x00000000   Number         0  stubs.o ABSOLUTE
    _printf_o                                0x00000000   Number         0  stubs.o ABSOLUTE
    _printf_p                                0x00000000   Number         0  stubs.o ABSOLUTE
    _printf_percent                          0x00000000   Number         0  stubs.o ABSOLUTE
    _printf_pre_padding                      0x00000000   Number         0  stubs.o ABSOLUTE
    _printf_return_value                     0x00000000   Number         0  stubs.o ABSOLUTE
    _printf_s                                0x00000000   Number         0  stubs.o ABSOLUTE
    _printf_sizespec                         0x00000000   Number         0  stubs.o ABSOLUTE
    _printf_str                              0x00000000   Number         0  stubs.o ABSOLUTE
    _printf_truncate_signed                  0x00000000   Number         0  stubs.o ABSOLUTE
    _printf_truncate_unsigned                0x00000000   Number         0  stubs.o ABSOLUTE
    _printf_u                                0x00000000   Number         0  stubs.o ABSOLUTE
    _printf_wc                               0x00000000   Number         0  stubs.o ABSOLUTE
    _printf_wctomb                           0x00000000   Number         0  stubs.o ABSOLUTE
    _printf_widthprec                        0x00000000   Number         0  stubs.o ABSOLUTE
    _printf_x                                0x00000000   Number         0  stubs.o ABSOLUTE
    __cpp_initialize__aeabi_                  - Undefined Weak Reference
    __cxa_finalize                            - Undefined Weak Reference
    __decompress                              - Undefined Weak Reference
    _clock_init                               - Undefined Weak Reference
    _microlib_exit                            - Undefined Weak Reference
    __Vectors_Size                           0x00000130   Number         0  startup_stm32f10x_hd.o ABSOLUTE
    __Vectors                                0x08000000   Data           4  startup_stm32f10x_hd.o(RESET)
    __Vectors_End                            0x08000130   Data           0  startup_stm32f10x_hd.o(RESET)
    __main                                   0x08000131   Thumb Code     0  entry.o(.ARM.Collect$$$$00000000)
    _main_stk                                0x08000131   Thumb Code     0  entry2.o(.ARM.Collect$$$$00000001)
    _main_scatterload                        0x08000135   Thumb Code     0  entry5.o(.ARM.Collect$$$$00000004)
    __main_after_scatterload                 0x08000139   Thumb Code     0  entry5.o(.ARM.Collect$$$$00000004)
    _main_clock                              0x08000139   Thumb Code     0  entry7b.o(.ARM.Collect$$$$00000008)
    _main_cpp_init                           0x08000139   Thumb Code     0  entry8b.o(.ARM.Collect$$$$0000000A)
    _main_init                               0x08000139   Thumb Code     0  entry9a.o(.ARM.Collect$$$$0000000B)
    __rt_final_cpp                           0x08000141   Thumb Code     0  entry10a.o(.ARM.Collect$$$$0000000D)
    __rt_final_exit                          0x08000141   Thumb Code     0  entry11a.o(.ARM.Collect$$$$0000000F)
    main                                     0x08000145   Thumb Code   166  main.o(.text)
    NMI_Handler                              0x08000205   Thumb Code     2  stm32f10x_it.o(.text)
    HardFault_Handler                        0x08000207   Thumb Code     4  stm32f10x_it.o(.text)
    MemManage_Handler                        0x0800020b   Thumb Code     4  stm32f10x_it.o(.text)
    BusFault_Handler                         0x0800020f   Thumb Code     4  stm32f10x_it.o(.text)
    UsageFault_Handler                       0x08000213   Thumb Code     4  stm32f10x_it.o(.text)
    SVC_Handler                              0x08000217   Thumb Code     2  stm32f10x_it.o(.text)
    DebugMon_Handler                         0x08000219   Thumb Code     2  stm32f10x_it.o(.text)
    PendSV_Handler                           0x0800021b   Thumb Code     2  stm32f10x_it.o(.text)
    SysTick_Handler                          0x0800021d   Thumb Code     2  stm32f10x_it.o(.text)
    SystemInit                               0x080002ff   Thumb Code    78  system_stm32f10x.o(.text)
    SystemCoreClockUpdate                    0x0800034d   Thumb Code   142  system_stm32f10x.o(.text)
    TIM4_Int_Init                            0x08000401   Thumb Code    82  timer.o(.text)
    TIM3_PWM_Init                            0x08000453   Thumb Code   264  timer.o(.text)
    TIM4_IRQHandler                          0x0800055b   Thumb Code    74  timer.o(.text)
    angle2Pwm                                0x080005c1   Thumb Code   150  motor.o(.text)
    Servor_1                                 0x08000657   Thumb Code   510  motor.o(.text)
    Servor_2                                 0x08000855   Thumb Code   814  motor.o(.text)
    Servor_3                                 0x08000b83   Thumb Code   648  motor.o(.text)
    PID_x                                    0x08000e81   Thumb Code   160  pid.o(.text)
    PID_y                                    0x08000f21   Thumb Code   194  pid.o(.text)
    delay_init                               0x08001019   Thumb Code    50  delay.o(.text)
    delay_us                                 0x0800104b   Thumb Code    72  delay.o(.text)
    delay_ms                                 0x08001093   Thumb Code    72  delay.o(.text)
    MY_NVIC_SetVectorTable                   0x080010ed   Thumb Code    12  sys.o(.text)
    MY_NVIC_PriorityGroupConfig              0x080010f9   Thumb Code    36  sys.o(.text)
    MY_NVIC_Init                             0x0800111d   Thumb Code   116  sys.o(.text)
    Ex_NVIC_Config                           0x08001191   Thumb Code   146  sys.o(.text)
    MYRCC_DeInit                             0x08001223   Thumb Code    90  sys.o(.text)
    WFI_SET                                  0x0800127d   Thumb Code     4  sys.o(.text)
    INTX_DISABLE                             0x08001281   Thumb Code     4  sys.o(.text)
    INTX_ENABLE                              0x08001285   Thumb Code     4  sys.o(.text)
    Sys_Standby                              0x08001289   Thumb Code    68  sys.o(.text)
    Sys_Soft_Reset                           0x080012cd   Thumb Code    12  sys.o(.text)
    JTAG_Set                                 0x080012d9   Thumb Code    42  sys.o(.text)
    Stm32_Clock_Init                         0x08001303   Thumb Code   134  sys.o(.text)
    _sys_exit                                0x080013b5   Thumb Code     6  usart.o(.text)
    fputc                                    0x080013bb   Thumb Code    24  usart.o(.text)
    uart_init                                0x080013d3   Thumb Code   152  usart.o(.text)
    USART1_IRQHandler                        0x0800146b   Thumb Code   122  usart.o(.text)
    position                                 0x080014f5   Thumb Code    48  usart3.o(.text)
    PosHandle                                0x08001525   Thumb Code   248  usart3.o(.text)
    USART3_IRQHandler                        0x0800161d   Thumb Code    40  usart3.o(.text)
    usart3_init                              0x08001645   Thumb Code   184  usart3.o(.text)
    Reset_Handler                            0x08001729   Thumb Code     8  startup_stm32f10x_hd.o(.text)
    ADC1_2_IRQHandler                        0x08001743   Thumb Code     0  startup_stm32f10x_hd.o(.text)
    ADC3_IRQHandler                          0x08001743   Thumb Code     0  startup_stm32f10x_hd.o(.text)
    CAN1_RX1_IRQHandler                      0x08001743   Thumb Code     0  startup_stm32f10x_hd.o(.text)
    CAN1_SCE_IRQHandler                      0x08001743   Thumb Code     0  startup_stm32f10x_hd.o(.text)
    DMA1_Channel1_IRQHandler                 0x08001743   Thumb Code     0  startup_stm32f10x_hd.o(.text)
    DMA1_Channel2_IRQHandler                 0x08001743   Thumb Code     0  startup_stm32f10x_hd.o(.text)
    DMA1_Channel3_IRQHandler                 0x08001743   Thumb Code     0  startup_stm32f10x_hd.o(.text)
    DMA1_Channel4_IRQHandler                 0x08001743   Thumb Code     0  startup_stm32f10x_hd.o(.text)
    DMA1_Channel5_IRQHandler                 0x08001743   Thumb Code     0  startup_stm32f10x_hd.o(.text)
    DMA1_Channel6_IRQHandler                 0x08001743   Thumb Code     0  startup_stm32f10x_hd.o(.text)
    DMA1_Channel7_IRQHandler                 0x08001743   Thumb Code     0  startup_stm32f10x_hd.o(.text)
    DMA2_Channel1_IRQHandler                 0x08001743   Thumb Code     0  startup_stm32f10x_hd.o(.text)
    DMA2_Channel2_IRQHandler                 0x08001743   Thumb Code     0  startup_stm32f10x_hd.o(.text)
    DMA2_Channel3_IRQHandler                 0x08001743   Thumb Code     0  startup_stm32f10x_hd.o(.text)
    DMA2_Channel4_5_IRQHandler               0x08001743   Thumb Code     0  startup_stm32f10x_hd.o(.text)
    EXTI0_IRQHandler                         0x08001743   Thumb Code     0  startup_stm32f10x_hd.o(.text)
    EXTI15_10_IRQHandler                     0x08001743   Thumb Code     0  startup_stm32f10x_hd.o(.text)
    EXTI1_IRQHandler                         0x08001743   Thumb Code     0  startup_stm32f10x_hd.o(.text)
    EXTI2_IRQHandler                         0x08001743   Thumb Code     0  startup_stm32f10x_hd.o(.text)
    EXTI3_IRQHandler                         0x08001743   Thumb Code     0  startup_stm32f10x_hd.o(.text)
    EXTI4_IRQHandler                         0x08001743   Thumb Code     0  startup_stm32f10x_hd.o(.text)
    EXTI9_5_IRQHandler                       0x08001743   Thumb Code     0  startup_stm32f10x_hd.o(.text)
    FLASH_IRQHandler                         0x08001743   Thumb Code     0  startup_stm32f10x_hd.o(.text)
    FSMC_IRQHandler                          0x08001743   Thumb Code     0  startup_stm32f10x_hd.o(.text)
    I2C1_ER_IRQHandler                       0x08001743   Thumb Code     0  startup_stm32f10x_hd.o(.text)
    I2C1_EV_IRQHandler                       0x08001743   Thumb Code     0  startup_stm32f10x_hd.o(.text)
    I2C2_ER_IRQHandler                       0x08001743   Thumb Code     0  startup_stm32f10x_hd.o(.text)
    I2C2_EV_IRQHandler                       0x08001743   Thumb Code     0  startup_stm32f10x_hd.o(.text)
    PVD_IRQHandler                           0x08001743   Thumb Code     0  startup_stm32f10x_hd.o(.text)
    RCC_IRQHandler                           0x08001743   Thumb Code     0  startup_stm32f10x_hd.o(.text)
    RTCAlarm_IRQHandler                      0x08001743   Thumb Code     0  startup_stm32f10x_hd.o(.text)
    RTC_IRQHandler                           0x08001743   Thumb Code     0  startup_stm32f10x_hd.o(.text)
    SDIO_IRQHandler                          0x08001743   Thumb Code     0  startup_stm32f10x_hd.o(.text)
    SPI1_IRQHandler                          0x08001743   Thumb Code     0  startup_stm32f10x_hd.o(.text)
    SPI2_IRQHandler                          0x08001743   Thumb Code     0  startup_stm32f10x_hd.o(.text)
    SPI3_IRQHandler                          0x08001743   Thumb Code     0  startup_stm32f10x_hd.o(.text)
    TAMPER_IRQHandler                        0x08001743   Thumb Code     0  startup_stm32f10x_hd.o(.text)
    TIM1_BRK_IRQHandler                      0x08001743   Thumb Code     0  startup_stm32f10x_hd.o(.text)
    TIM1_CC_IRQHandler                       0x08001743   Thumb Code     0  startup_stm32f10x_hd.o(.text)
    TIM1_TRG_COM_IRQHandler                  0x08001743   Thumb Code     0  startup_stm32f10x_hd.o(.text)
    TIM1_UP_IRQHandler                       0x08001743   Thumb Code     0  startup_stm32f10x_hd.o(.text)
    TIM2_IRQHandler                          0x08001743   Thumb Code     0  startup_stm32f10x_hd.o(.text)
    TIM3_IRQHandler                          0x08001743   Thumb Code     0  startup_stm32f10x_hd.o(.text)
    TIM5_IRQHandler                          0x08001743   Thumb Code     0  startup_stm32f10x_hd.o(.text)
    TIM6_IRQHandler                          0x08001743   Thumb Code     0  startup_stm32f10x_hd.o(.text)
    TIM7_IRQHandler                          0x08001743   Thumb Code     0  startup_stm32f10x_hd.o(.text)
    TIM8_BRK_IRQHandler                      0x08001743   Thumb Code     0  startup_stm32f10x_hd.o(.text)
    TIM8_CC_IRQHandler                       0x08001743   Thumb Code     0  startup_stm32f10x_hd.o(.text)
    TIM8_TRG_COM_IRQHandler                  0x08001743   Thumb Code     0  startup_stm32f10x_hd.o(.text)
    TIM8_UP_IRQHandler                       0x08001743   Thumb Code     0  startup_stm32f10x_hd.o(.text)
    UART4_IRQHandler                         0x08001743   Thumb Code     0  startup_stm32f10x_hd.o(.text)
    UART5_IRQHandler                         0x08001743   Thumb Code     0  startup_stm32f10x_hd.o(.text)
    USART2_IRQHandler                        0x08001743   Thumb Code     0  startup_stm32f10x_hd.o(.text)
    USBWakeUp_IRQHandler                     0x08001743   Thumb Code     0  startup_stm32f10x_hd.o(.text)
    USB_HP_CAN1_TX_IRQHandler                0x08001743   Thumb Code     0  startup_stm32f10x_hd.o(.text)
    USB_LP_CAN1_RX0_IRQHandler               0x08001743   Thumb Code     0  startup_stm32f10x_hd.o(.text)
    WWDG_IRQHandler                          0x08001743   Thumb Code     0  startup_stm32f10x_hd.o(.text)
    NVIC_PriorityGroupConfig                 0x0800174d   Thumb Code    10  misc.o(.text)
    NVIC_Init                                0x08001757   Thumb Code   100  misc.o(.text)
    NVIC_SetVectorTable                      0x080017bb   Thumb Code    14  misc.o(.text)
    NVIC_SystemLPConfig                      0x080017c9   Thumb Code    34  misc.o(.text)
    SysTick_CLKSourceConfig                  0x080017eb   Thumb Code    40  misc.o(.text)
    GPIO_DeInit                              0x08001829   Thumb Code   172  stm32f10x_gpio.o(.text)
    GPIO_AFIODeInit                          0x080018d5   Thumb Code    20  stm32f10x_gpio.o(.text)
    GPIO_Init                                0x080018e9   Thumb Code   278  stm32f10x_gpio.o(.text)
    GPIO_StructInit                          0x080019ff   Thumb Code    16  stm32f10x_gpio.o(.text)
    GPIO_ReadInputDataBit                    0x08001a0f   Thumb Code    18  stm32f10x_gpio.o(.text)
    GPIO_ReadInputData                       0x08001a21   Thumb Code     8  stm32f10x_gpio.o(.text)
    GPIO_ReadOutputDataBit                   0x08001a29   Thumb Code    18  stm32f10x_gpio.o(.text)
    GPIO_ReadOutputData                      0x08001a3b   Thumb Code     8  stm32f10x_gpio.o(.text)
    GPIO_SetBits                             0x08001a43   Thumb Code     4  stm32f10x_gpio.o(.text)
    GPIO_ResetBits                           0x08001a47   Thumb Code     4  stm32f10x_gpio.o(.text)
    GPIO_WriteBit                            0x08001a4b   Thumb Code    10  stm32f10x_gpio.o(.text)
    GPIO_Write                               0x08001a55   Thumb Code     4  stm32f10x_gpio.o(.text)
    GPIO_PinLockConfig                       0x08001a59   Thumb Code    18  stm32f10x_gpio.o(.text)
    GPIO_EventOutputConfig                   0x08001a6b   Thumb Code    26  stm32f10x_gpio.o(.text)
    GPIO_EventOutputCmd                      0x08001a85   Thumb Code     6  stm32f10x_gpio.o(.text)
    GPIO_PinRemapConfig                      0x08001a8b   Thumb Code   138  stm32f10x_gpio.o(.text)
    GPIO_EXTILineConfig                      0x08001b15   Thumb Code    66  stm32f10x_gpio.o(.text)
    GPIO_ETH_MediaInterfaceConfig            0x08001b57   Thumb Code     8  stm32f10x_gpio.o(.text)
    RCC_DeInit                               0x08001b85   Thumb Code    64  stm32f10x_rcc.o(.text)
    RCC_HSEConfig                            0x08001bc5   Thumb Code    70  stm32f10x_rcc.o(.text)
    RCC_GetFlagStatus                        0x08001c0b   Thumb Code    56  stm32f10x_rcc.o(.text)
    RCC_WaitForHSEStartUp                    0x08001c43   Thumb Code    56  stm32f10x_rcc.o(.text)
    RCC_AdjustHSICalibrationValue            0x08001c7b   Thumb Code    20  stm32f10x_rcc.o(.text)
    RCC_HSICmd                               0x08001c8f   Thumb Code     6  stm32f10x_rcc.o(.text)
    RCC_PLLConfig                            0x08001c95   Thumb Code    24  stm32f10x_rcc.o(.text)
    RCC_PLLCmd                               0x08001cad   Thumb Code     6  stm32f10x_rcc.o(.text)
    RCC_SYSCLKConfig                         0x08001cb3   Thumb Code    18  stm32f10x_rcc.o(.text)
    RCC_GetSYSCLKSource                      0x08001cc5   Thumb Code    10  stm32f10x_rcc.o(.text)
    RCC_HCLKConfig                           0x08001ccf   Thumb Code    18  stm32f10x_rcc.o(.text)
    RCC_PCLK1Config                          0x08001ce1   Thumb Code    18  stm32f10x_rcc.o(.text)
    RCC_PCLK2Config                          0x08001cf3   Thumb Code    20  stm32f10x_rcc.o(.text)
    RCC_ITConfig                             0x08001d07   Thumb Code    26  stm32f10x_rcc.o(.text)
    RCC_USBCLKConfig                         0x08001d21   Thumb Code     8  stm32f10x_rcc.o(.text)
    RCC_ADCCLKConfig                         0x08001d29   Thumb Code    18  stm32f10x_rcc.o(.text)
    RCC_LSEConfig                            0x08001d3b   Thumb Code    50  stm32f10x_rcc.o(.text)
    RCC_LSICmd                               0x08001d6d   Thumb Code     6  stm32f10x_rcc.o(.text)
    RCC_RTCCLKConfig                         0x08001d73   Thumb Code    12  stm32f10x_rcc.o(.text)
    RCC_RTCCLKCmd                            0x08001d7f   Thumb Code     8  stm32f10x_rcc.o(.text)
    RCC_GetClocksFreq                        0x08001d87   Thumb Code   192  stm32f10x_rcc.o(.text)
    RCC_AHBPeriphClockCmd                    0x08001e47   Thumb Code    26  stm32f10x_rcc.o(.text)
    RCC_APB2PeriphClockCmd                   0x08001e61   Thumb Code    26  stm32f10x_rcc.o(.text)
    RCC_APB1PeriphClockCmd                   0x08001e7b   Thumb Code    26  stm32f10x_rcc.o(.text)
    RCC_APB2PeriphResetCmd                   0x08001e95   Thumb Code    26  stm32f10x_rcc.o(.text)
    RCC_APB1PeriphResetCmd                   0x08001eaf   Thumb Code    26  stm32f10x_rcc.o(.text)
    RCC_BackupResetCmd                       0x08001ec9   Thumb Code     8  stm32f10x_rcc.o(.text)
    RCC_ClockSecuritySystemCmd               0x08001ed1   Thumb Code     6  stm32f10x_rcc.o(.text)
    RCC_MCOConfig                            0x08001ed7   Thumb Code     6  stm32f10x_rcc.o(.text)
    RCC_ClearFlag                            0x08001edd   Thumb Code    14  stm32f10x_rcc.o(.text)
    RCC_GetITStatus                          0x08001eeb   Thumb Code    20  stm32f10x_rcc.o(.text)
    RCC_ClearITPendingBit                    0x08001eff   Thumb Code     6  stm32f10x_rcc.o(.text)
    TIM_DeInit                               0x08001f29   Thumb Code   424  stm32f10x_tim.o(.text)
    TIM_TimeBaseInit                         0x080020d1   Thumb Code   122  stm32f10x_tim.o(.text)
    TIM_OC1Init                              0x0800214b   Thumb Code   132  stm32f10x_tim.o(.text)
    TIM_OC2Init                              0x080021cf   Thumb Code   154  stm32f10x_tim.o(.text)
    TIM_OC3Init                              0x08002269   Thumb Code   150  stm32f10x_tim.o(.text)
    TIM_OC4Init                              0x080022ff   Thumb Code   182  stm32f10x_tim.o(.text)
    TIM_SetIC4Prescaler                      0x080023b5   Thumb Code    26  stm32f10x_tim.o(.text)
    TIM_SetIC3Prescaler                      0x08002451   Thumb Code    18  stm32f10x_tim.o(.text)
    TIM_SetIC2Prescaler                      0x080024dd   Thumb Code    26  stm32f10x_tim.o(.text)
    TIM_SetIC1Prescaler                      0x08002579   Thumb Code    18  stm32f10x_tim.o(.text)
    TIM_ICInit                               0x080025f7   Thumb Code   150  stm32f10x_tim.o(.text)
    TIM_PWMIConfig                           0x0800268d   Thumb Code   124  stm32f10x_tim.o(.text)
    TIM_BDTRConfig                           0x08002709   Thumb Code    32  stm32f10x_tim.o(.text)
    TIM_TimeBaseStructInit                   0x08002729   Thumb Code    18  stm32f10x_tim.o(.text)
    TIM_OCStructInit                         0x0800273b   Thumb Code    20  stm32f10x_tim.o(.text)
    TIM_ICStructInit                         0x0800274f   Thumb Code    18  stm32f10x_tim.o(.text)
    TIM_BDTRStructInit                       0x08002761   Thumb Code    40  stm32f10x_tim.o(.text)
    TIM_Cmd                                  0x08002789   Thumb Code    24  stm32f10x_tim.o(.text)
    TIM_CtrlPWMOutputs                       0x080027a1   Thumb Code    30  stm32f10x_tim.o(.text)
    TIM_ITConfig                             0x080027bf   Thumb Code    18  stm32f10x_tim.o(.text)
    TIM_GenerateEvent                        0x080027d1   Thumb Code     4  stm32f10x_tim.o(.text)
    TIM_DMAConfig                            0x080027d5   Thumb Code    10  stm32f10x_tim.o(.text)
    TIM_DMACmd                               0x080027df   Thumb Code    18  stm32f10x_tim.o(.text)
    TIM_InternalClockConfig                  0x080027f1   Thumb Code    12  stm32f10x_tim.o(.text)
    TIM_SelectInputTrigger                   0x080027fd   Thumb Code    18  stm32f10x_tim.o(.text)
    TIM_ITRxExternalClockConfig              0x0800280f   Thumb Code    24  stm32f10x_tim.o(.text)
    TIM_TIxExternalClockConfig               0x08002827   Thumb Code    62  stm32f10x_tim.o(.text)
    TIM_ETRConfig                            0x08002865   Thumb Code    28  stm32f10x_tim.o(.text)
    TIM_ETRClockMode1Config                  0x08002881   Thumb Code    54  stm32f10x_tim.o(.text)
    TIM_ETRClockMode2Config                  0x080028b7   Thumb Code    32  stm32f10x_tim.o(.text)
    TIM_PrescalerConfig                      0x080028d7   Thumb Code     6  stm32f10x_tim.o(.text)
    TIM_CounterModeConfig                    0x080028dd   Thumb Code    18  stm32f10x_tim.o(.text)
    TIM_EncoderInterfaceConfig               0x080028ef   Thumb Code    66  stm32f10x_tim.o(.text)
    TIM_ForcedOC1Config                      0x08002931   Thumb Code    18  stm32f10x_tim.o(.text)
    TIM_ForcedOC2Config                      0x08002943   Thumb Code    26  stm32f10x_tim.o(.text)
    TIM_ForcedOC3Config                      0x0800295d   Thumb Code    18  stm32f10x_tim.o(.text)
    TIM_ForcedOC4Config                      0x0800296f   Thumb Code    26  stm32f10x_tim.o(.text)
    TIM_ARRPreloadConfig                     0x08002989   Thumb Code    24  stm32f10x_tim.o(.text)
    TIM_SelectCOM                            0x080029a1   Thumb Code    24  stm32f10x_tim.o(.text)
    TIM_SelectCCDMA                          0x080029b9   Thumb Code    24  stm32f10x_tim.o(.text)
    TIM_CCPreloadControl                     0x080029d1   Thumb Code    24  stm32f10x_tim.o(.text)
    TIM_OC1PreloadConfig                     0x080029e9   Thumb Code    18  stm32f10x_tim.o(.text)
    TIM_OC2PreloadConfig                     0x080029fb   Thumb Code    26  stm32f10x_tim.o(.text)
    TIM_OC3PreloadConfig                     0x08002a15   Thumb Code    18  stm32f10x_tim.o(.text)
    TIM_OC4PreloadConfig                     0x08002a27   Thumb Code    26  stm32f10x_tim.o(.text)
    TIM_OC1FastConfig                        0x08002a41   Thumb Code    18  stm32f10x_tim.o(.text)
    TIM_OC2FastConfig                        0x08002a53   Thumb Code    26  stm32f10x_tim.o(.text)
    TIM_OC3FastConfig                        0x08002a6d   Thumb Code    18  stm32f10x_tim.o(.text)
    TIM_OC4FastConfig                        0x08002a7f   Thumb Code    26  stm32f10x_tim.o(.text)
    TIM_ClearOC1Ref                          0x08002a99   Thumb Code    18  stm32f10x_tim.o(.text)
    TIM_ClearOC2Ref                          0x08002aab   Thumb Code    24  stm32f10x_tim.o(.text)
    TIM_ClearOC3Ref                          0x08002ac3   Thumb Code    18  stm32f10x_tim.o(.text)
    TIM_ClearOC4Ref                          0x08002ad5   Thumb Code    24  stm32f10x_tim.o(.text)
    TIM_OC1PolarityConfig                    0x08002aed   Thumb Code    18  stm32f10x_tim.o(.text)
    TIM_OC1NPolarityConfig                   0x08002aff   Thumb Code    18  stm32f10x_tim.o(.text)
    TIM_OC2PolarityConfig                    0x08002b11   Thumb Code    26  stm32f10x_tim.o(.text)
    TIM_OC2NPolarityConfig                   0x08002b2b   Thumb Code    26  stm32f10x_tim.o(.text)
    TIM_OC3PolarityConfig                    0x08002b45   Thumb Code    26  stm32f10x_tim.o(.text)
    TIM_OC3NPolarityConfig                   0x08002b5f   Thumb Code    26  stm32f10x_tim.o(.text)
    TIM_OC4PolarityConfig                    0x08002b79   Thumb Code    26  stm32f10x_tim.o(.text)
    TIM_CCxCmd                               0x08002b93   Thumb Code    30  stm32f10x_tim.o(.text)
    TIM_CCxNCmd                              0x08002bb1   Thumb Code    30  stm32f10x_tim.o(.text)
    TIM_SelectOCxM                           0x08002bcf   Thumb Code    82  stm32f10x_tim.o(.text)
    TIM_UpdateDisableConfig                  0x08002c21   Thumb Code    24  stm32f10x_tim.o(.text)
    TIM_UpdateRequestConfig                  0x08002c39   Thumb Code    24  stm32f10x_tim.o(.text)
    TIM_SelectHallSensor                     0x08002c51   Thumb Code    24  stm32f10x_tim.o(.text)
    TIM_SelectOnePulseMode                   0x08002c69   Thumb Code    18  stm32f10x_tim.o(.text)
    TIM_SelectOutputTrigger                  0x08002c7b   Thumb Code    18  stm32f10x_tim.o(.text)
    TIM_SelectSlaveMode                      0x08002c8d   Thumb Code    18  stm32f10x_tim.o(.text)
    TIM_SelectMasterSlaveMode                0x08002c9f   Thumb Code    18  stm32f10x_tim.o(.text)
    TIM_SetCounter                           0x08002cb1   Thumb Code     4  stm32f10x_tim.o(.text)
    TIM_SetAutoreload                        0x08002cb5   Thumb Code     4  stm32f10x_tim.o(.text)
    TIM_SetCompare1                          0x08002cb9   Thumb Code     4  stm32f10x_tim.o(.text)
    TIM_SetCompare2                          0x08002cbd   Thumb Code     4  stm32f10x_tim.o(.text)
    TIM_SetCompare3                          0x08002cc1   Thumb Code     4  stm32f10x_tim.o(.text)
    TIM_SetCompare4                          0x08002cc5   Thumb Code     6  stm32f10x_tim.o(.text)
    TIM_SetClockDivision                     0x08002ccb   Thumb Code    18  stm32f10x_tim.o(.text)
    TIM_GetCapture1                          0x08002cdd   Thumb Code     6  stm32f10x_tim.o(.text)
    TIM_GetCapture2                          0x08002ce3   Thumb Code     6  stm32f10x_tim.o(.text)
    TIM_GetCapture3                          0x08002ce9   Thumb Code     6  stm32f10x_tim.o(.text)
    TIM_GetCapture4                          0x08002cef   Thumb Code     8  stm32f10x_tim.o(.text)
    TIM_GetCounter                           0x08002cf7   Thumb Code     6  stm32f10x_tim.o(.text)
    TIM_GetPrescaler                         0x08002cfd   Thumb Code     6  stm32f10x_tim.o(.text)
    TIM_GetFlagStatus                        0x08002d03   Thumb Code    18  stm32f10x_tim.o(.text)
    TIM_ClearFlag                            0x08002d15   Thumb Code     6  stm32f10x_tim.o(.text)
    TIM_GetITStatus                          0x08002d1b   Thumb Code    34  stm32f10x_tim.o(.text)
    TIM_ClearITPendingBit                    0x08002d3d   Thumb Code     6  stm32f10x_tim.o(.text)
    USART_DeInit                             0x08002d45   Thumb Code   134  stm32f10x_usart.o(.text)
    USART_Init                               0x08002dcb   Thumb Code   210  stm32f10x_usart.o(.text)
    USART_StructInit                         0x08002e9d   Thumb Code    24  stm32f10x_usart.o(.text)
    USART_ClockInit                          0x08002eb5   Thumb Code    34  stm32f10x_usart.o(.text)
    USART_ClockStructInit                    0x08002ed7   Thumb Code    12  stm32f10x_usart.o(.text)
    USART_Cmd                                0x08002ee3   Thumb Code    24  stm32f10x_usart.o(.text)
    USART_ITConfig                           0x08002efb   Thumb Code    74  stm32f10x_usart.o(.text)
    USART_DMACmd                             0x08002f45   Thumb Code    18  stm32f10x_usart.o(.text)
    USART_SetAddress                         0x08002f57   Thumb Code    18  stm32f10x_usart.o(.text)
    USART_WakeUpConfig                       0x08002f69   Thumb Code    18  stm32f10x_usart.o(.text)
    USART_ReceiverWakeUpCmd                  0x08002f7b   Thumb Code    24  stm32f10x_usart.o(.text)
    USART_LINBreakDetectLengthConfig         0x08002f93   Thumb Code    18  stm32f10x_usart.o(.text)
    USART_LINCmd                             0x08002fa5   Thumb Code    24  stm32f10x_usart.o(.text)
    USART_SendData                           0x08002fbd   Thumb Code     8  stm32f10x_usart.o(.text)
    USART_ReceiveData                        0x08002fc5   Thumb Code    10  stm32f10x_usart.o(.text)
    USART_SendBreak                          0x08002fcf   Thumb Code    10  stm32f10x_usart.o(.text)
    USART_SetGuardTime                       0x08002fd9   Thumb Code    16  stm32f10x_usart.o(.text)
    USART_SetPrescaler                       0x08002fe9   Thumb Code    16  stm32f10x_usart.o(.text)
    USART_SmartCardCmd                       0x08002ff9   Thumb Code    24  stm32f10x_usart.o(.text)
    USART_SmartCardNACKCmd                   0x08003011   Thumb Code    24  stm32f10x_usart.o(.text)
    USART_HalfDuplexCmd                      0x08003029   Thumb Code    24  stm32f10x_usart.o(.text)
    USART_OverSampling8Cmd                   0x08003041   Thumb Code    22  stm32f10x_usart.o(.text)
    USART_OneBitMethodCmd                    0x08003057   Thumb Code    24  stm32f10x_usart.o(.text)
    USART_IrDAConfig                         0x0800306f   Thumb Code    18  stm32f10x_usart.o(.text)
    USART_IrDACmd                            0x08003081   Thumb Code    24  stm32f10x_usart.o(.text)
    USART_GetFlagStatus                      0x08003099   Thumb Code    26  stm32f10x_usart.o(.text)
    USART_ClearFlag                          0x080030b3   Thumb Code    18  stm32f10x_usart.o(.text)
    USART_GetITStatus                        0x080030c5   Thumb Code    84  stm32f10x_usart.o(.text)
    USART_ClearITPendingBit                  0x08003119   Thumb Code    52  stm32f10x_usart.o(.text)
    __aeabi_fadd                             0x0800314d   Thumb Code   164  fadd.o(.text)
    __aeabi_fsub                             0x080031f1   Thumb Code     6  fadd.o(.text)
    __aeabi_frsub                            0x080031f7   Thumb Code     6  fadd.o(.text)
    __aeabi_fmul                             0x080031fd   Thumb Code   100  fmul.o(.text)
    __aeabi_fdiv                             0x08003261   Thumb Code   124  fdiv.o(.text)
    __aeabi_dadd                             0x080032dd   Thumb Code   322  dadd.o(.text)
    __aeabi_dsub                             0x0800341f   Thumb Code     6  dadd.o(.text)
    __aeabi_drsub                            0x08003425   Thumb Code     6  dadd.o(.text)
    __aeabi_dmul                             0x0800342b   Thumb Code   228  dmul.o(.text)
    __aeabi_ddiv                             0x0800350f   Thumb Code   222  ddiv.o(.text)
    __aeabi_i2f                              0x080035ed   Thumb Code    18  fflti.o(.text)
    __aeabi_i2d                              0x080035ff   Thumb Code    34  dflti.o(.text)
    __aeabi_f2iz                             0x08003621   Thumb Code    50  ffixi.o(.text)
    __aeabi_d2iz                             0x08003653   Thumb Code    62  dfixi.o(.text)
    __aeabi_f2d                              0x08003691   Thumb Code    38  f2d.o(.text)
    __aeabi_d2f                              0x080036b7   Thumb Code    56  d2f.o(.text)
    __aeabi_cfcmpeq                          0x080036f1   Thumb Code     0  cfcmple.o(.text)
    __aeabi_cfcmple                          0x080036f1   Thumb Code    20  cfcmple.o(.text)
    __aeabi_cfrcmple                         0x08003705   Thumb Code    20  cfrcmple.o(.text)
    __aeabi_uidiv                            0x08003719   Thumb Code     0  uidiv.o(.text)
    __aeabi_uidivmod                         0x08003719   Thumb Code    44  uidiv.o(.text)
    __aeabi_llsl                             0x08003745   Thumb Code    30  llshl.o(.text)
    _ll_shift_l                              0x08003745   Thumb Code     0  llshl.o(.text)
    __aeabi_llsr                             0x08003763   Thumb Code    32  llushr.o(.text)
    _ll_ushift_r                             0x08003763   Thumb Code     0  llushr.o(.text)
    __aeabi_lasr                             0x08003783   Thumb Code    36  llsshr.o(.text)
    _ll_sshift_r                             0x08003783   Thumb Code     0  llsshr.o(.text)
    __I$use$fp                               0x080037a7   Thumb Code     0  iusefp.o(.text)
    _float_round                             0x080037a7   Thumb Code    18  fepilogue.o(.text)
    _float_epilogue                          0x080037b9   Thumb Code    92  fepilogue.o(.text)
    _double_round                            0x08003815   Thumb Code    30  depilogue.o(.text)
    _double_epilogue                         0x08003833   Thumb Code   156  depilogue.o(.text)
    __ARM_scalbn                             0x080038cf   Thumb Code    46  dscalb.o(.text)
    scalbn                                   0x080038cf   Thumb Code     0  dscalb.o(.text)
    _dsqrt                                   0x080038fd   Thumb Code   162  dsqrt.o(.text)
    __scatterload                            0x080039a1   Thumb Code    28  init.o(.text)
    __scatterload_rt2                        0x080039a1   Thumb Code     0  init.o(.text)
    __aeabi_ui2d                             0x080039c5   Thumb Code    26  dfltui.o(.text)
    __0printf$1                              0x080039e1   Thumb Code    22  printf1.o(i.__0printf$1)
    __1printf$1                              0x080039e1   Thumb Code     0  printf1.o(i.__0printf$1)
    __2printf                                0x080039e1   Thumb Code     0  printf1.o(i.__0printf$1)
    __ARM_fpclassify                         0x08003a01   Thumb Code    40  fpclassify.o(i.__ARM_fpclassify)
    __ieee754_rem_pio2                       0x08003a29   Thumb Code   828  rred.o(i.__ieee754_rem_pio2)
    __kernel_cos                             0x08003db1   Thumb Code   230  cos_i.o(i.__kernel_cos)
    __kernel_poly                            0x08003ead   Thumb Code   170  poly.o(i.__kernel_poly)
    __kernel_sin                             0x08003f59   Thumb Code   224  sin_i.o(i.__kernel_sin)
    __mathlib_dbl_infnan                     0x08004045   Thumb Code     6  dunder.o(i.__mathlib_dbl_infnan)
    __mathlib_dbl_invalid                    0x0800404b   Thumb Code    12  dunder.o(i.__mathlib_dbl_invalid)
    __mathlib_dbl_underflow                  0x08004059   Thumb Code    10  dunder.o(i.__mathlib_dbl_underflow)
    __scatterload_copy                       0x08004069   Thumb Code    14  handlers.o(i.__scatterload_copy)
    __scatterload_null                       0x08004077   Thumb Code     2  handlers.o(i.__scatterload_null)
    __scatterload_zeroinit                   0x08004079   Thumb Code    14  handlers.o(i.__scatterload_zeroinit)
    __set_errno                              0x08004089   Thumb Code     6  errno.o(i.__set_errno)
    asin                                     0x080041e9   Thumb Code   572  asin.o(i.asin)
    atan                                     0x08004459   Thumb Code   474  atan.o(i.atan)
    cos                                      0x08004679   Thumb Code   148  cos.o(i.cos)
    sin                                      0x08004715   Thumb Code   150  sin.o(i.sin)
    sqrt                                     0x080047b5   Thumb Code    76  sqrt.o(i.sqrt)
    Region$$Table$$Base                      0x08004a08   Number         0  anon$$obj.o(Region$$Table)
    Region$$Table$$Limit                     0x08004a28   Number         0  anon$$obj.o(Region$$Table)
    SystemCoreClock                          0x20000000   Data           4  system_stm32f10x.o(.data)
    AHBPrescTable                            0x20000004   Data          16  system_stm32f10x.o(.data)
    time                                     0x20000014   Data           2  timer.o(.data)
    PASSBY_TIME                              0x20000016   Data           2  timer.o(.data)
    Flag_Target                              0x20000018   Data           1  timer.o(.data)
    Rol_Mod                                  0x2000001c   Data           2  motor.o(.data)
    Pit_Mod                                  0x2000001e   Data           2  motor.o(.data)
    base                                     0x20000020   Data           4  motor.o(.data)
    Rm                                       0x20000024   Data           4  motor.o(.data)
    D                                        0x20000028   Data           4  motor.o(.data)
    Lb                                       0x2000002c   Data           4  motor.o(.data)
    Lp                                       0x20000030   Data           4  motor.o(.data)
    r3                                       0x20000034   Data           4  motor.o(.data)
    h                                        0x20000038   Data           4  motor.o(.data)
    max_one                                  0x2000003c   Data           4  motor.o(.data)
    max_two                                  0x20000040   Data           4  motor.o(.data)
    max_three                                0x20000044   Data           4  motor.o(.data)
    min_one                                  0x20000048   Data           4  motor.o(.data)
    min_two                                  0x2000004c   Data           4  motor.o(.data)
    min_three                                0x20000050   Data           4  motor.o(.data)
    x1                                       0x20000054   Data           4  motor.o(.data)
    y1                                       0x20000058   Data           4  motor.o(.data)
    z1                                       0x2000005c   Data           4  motor.o(.data)
    x2                                       0x20000060   Data           4  motor.o(.data)
    y2                                       0x20000064   Data           4  motor.o(.data)
    z2                                       0x20000068   Data           4  motor.o(.data)
    x3                                       0x2000006c   Data           4  motor.o(.data)
    y3                                       0x20000070   Data           4  motor.o(.data)
    z3                                       0x20000074   Data           4  motor.o(.data)
    x1_p                                     0x20000078   Data           4  motor.o(.data)
    y1_p                                     0x2000007c   Data           4  motor.o(.data)
    z1_p                                     0x20000080   Data           4  motor.o(.data)
    x2_p                                     0x20000084   Data           4  motor.o(.data)
    y2_p                                     0x20000088   Data           4  motor.o(.data)
    z2_p                                     0x2000008c   Data           4  motor.o(.data)
    x3_p                                     0x20000090   Data           4  motor.o(.data)
    y3_p                                     0x20000094   Data           4  motor.o(.data)
    z3_p                                     0x20000098   Data           4  motor.o(.data)
    x_p                                      0x2000009c   Data           4  pid.o(.data)
    x_i                                      0x200000a0   Data           4  pid.o(.data)
    x_d                                      0x200000a4   Data           4  pid.o(.data)
    y_p                                      0x200000a8   Data           4  pid.o(.data)
    y_i                                      0x200000ac   Data           4  pid.o(.data)
    y_d                                      0x200000b0   Data           4  pid.o(.data)
    x_lasterror                              0x200000b4   Data           4  pid.o(.data)
    x_sumerror                               0x200000b8   Data           4  pid.o(.data)
    y_lasterror                              0x200000bc   Data           4  pid.o(.data)
    y_sumerror                               0x200000c0   Data           4  pid.o(.data)
    x_setpos                                 0x200000c4   Data           4  pid.o(.data)
    y_setpos                                 0x200000c8   Data           4  pid.o(.data)
    __stdout                                 0x200000d0   Data           4  usart.o(.data)
    USART_RX_STA                             0x200000d4   Data           2  usart.o(.data)
    USART3_RX_STA                            0x200000d8   Data           2  usart3.o(.data)
    x_value                                  0x200000dc   Data           4  usart3.o(.data)
    y_value                                  0x200000e0   Data           4  usart3.o(.data)
    x_salve                                  0x200000e4   Data           4  usart3.o(.data)
    y_salve                                  0x200000e8   Data           4  usart3.o(.data)
    i                                        0x200000ec   Data           1  usart3.o(.data)
    flag                                     0x200000f0   Data           4  usart3.o(.data)
    m                                        0x200000f4   Data           4  usart3.o(.data)
    x_last                                   0x200000f8   Data           4  usart3.o(.data)
    y_last                                   0x200000fc   Data           4  usart3.o(.data)
    x_pos                                    0x20000100   Data           4  usart3.o(.data)
    y_pos                                    0x20000104   Data           4  usart3.o(.data)
    USART_RX_BUF                             0x20000120   Data         200  usart.o(.bss)
    __initial_sp                             0x200005e8   Data           0  startup_stm32f10x_hd.o(STACK)



==============================================================================

Memory Map of the image

  Image Entry point : 0x08000131

  Load Region LR_IROM1 (Base: 0x08000000, Size: 0x00004b48, Max: 0x00080000, ABSOLUTE)

    Execution Region ER_IROM1 (Exec base: 0x08000000, Load base: 0x08000000, Size: 0x00004a28, Max: 0x00080000, ABSOLUTE)

    Exec Addr    Load Addr    Size         Type   Attr      Idx    E Section Name        Object

    0x08000000   0x08000000   0x00000130   Data   RO          394    RESET               startup_stm32f10x_hd.o
    0x08000130   0x08000130   0x00000000   Code   RO          517  * .ARM.Collect$$$$00000000  mc_w.l(entry.o)
    0x08000130   0x08000130   0x00000004   Code   RO          841    .ARM.Collect$$$$00000001  mc_w.l(entry2.o)
    0x08000134   0x08000134   0x00000004   Code   RO          844    .ARM.Collect$$$$00000004  mc_w.l(entry5.o)
    0x08000138   0x08000138   0x00000000   Code   RO          846    .ARM.Collect$$$$00000008  mc_w.l(entry7b.o)
    0x08000138   0x08000138   0x00000000   Code   RO          848    .ARM.Collect$$$$0000000A  mc_w.l(entry8b.o)
    0x08000138   0x08000138   0x00000008   Code   RO          849    .ARM.Collect$$$$0000000B  mc_w.l(entry9a.o)
    0x08000140   0x08000140   0x00000000   Code   RO          851    .ARM.Collect$$$$0000000D  mc_w.l(entry10a.o)
    0x08000140   0x08000140   0x00000000   Code   RO          853    .ARM.Collect$$$$0000000F  mc_w.l(entry11a.o)
    0x08000140   0x08000140   0x00000004   Code   RO          842    .ARM.Collect$$$$00002712  mc_w.l(entry2.o)
    0x08000144   0x08000144   0x000000c0   Code   RO            1    .text               main.o
    0x08000204   0x08000204   0x0000001a   Code   RO          136    .text               stm32f10x_it.o
    0x0800021e   0x0800021e   0x00000002   PAD
    0x08000220   0x08000220   0x000001e0   Code   RO          177    .text               system_stm32f10x.o
    0x08000400   0x08000400   0x000001c0   Code   RO          220    .text               timer.o
    0x080005c0   0x080005c0   0x000008c0   Code   RO          245    .text               motor.o
    0x08000e80   0x08000e80   0x00000198   Code   RO          277    .text               pid.o
    0x08001018   0x08001018   0x000000d4   Code   RO          295    .text               delay.o
    0x080010ec   0x080010ec   0x000002c8   Code   RO          310    .text               sys.o
    0x080013b4   0x080013b4   0x00000140   Code   RO          326    .text               usart.o
    0x080014f4   0x080014f4   0x00000234   Code   RO          349    .text               usart3.o
    0x08001728   0x08001728   0x00000024   Code   RO          395    .text               startup_stm32f10x_hd.o
    0x0800174c   0x0800174c   0x000000dc   Code   RO          399    .text               misc.o
    0x08001828   0x08001828   0x0000035c   Code   RO          411    .text               stm32f10x_gpio.o
    0x08001b84   0x08001b84   0x000003a4   Code   RO          423    .text               stm32f10x_rcc.o
    0x08001f28   0x08001f28   0x00000e1a   Code   RO          437    .text               stm32f10x_tim.o
    0x08002d42   0x08002d42   0x00000002   PAD
    0x08002d44   0x08002d44   0x00000408   Code   RO          449    .text               stm32f10x_usart.o
    0x0800314c   0x0800314c   0x000000b0   Code   RO          781    .text               mf_w.l(fadd.o)
    0x080031fc   0x080031fc   0x00000064   Code   RO          783    .text               mf_w.l(fmul.o)
    0x08003260   0x08003260   0x0000007c   Code   RO          785    .text               mf_w.l(fdiv.o)
    0x080032dc   0x080032dc   0x0000014e   Code   RO          787    .text               mf_w.l(dadd.o)
    0x0800342a   0x0800342a   0x000000e4   Code   RO          789    .text               mf_w.l(dmul.o)
    0x0800350e   0x0800350e   0x000000de   Code   RO          791    .text               mf_w.l(ddiv.o)
    0x080035ec   0x080035ec   0x00000012   Code   RO          793    .text               mf_w.l(fflti.o)
    0x080035fe   0x080035fe   0x00000022   Code   RO          795    .text               mf_w.l(dflti.o)
    0x08003620   0x08003620   0x00000032   Code   RO          797    .text               mf_w.l(ffixi.o)
    0x08003652   0x08003652   0x0000003e   Code   RO          799    .text               mf_w.l(dfixi.o)
    0x08003690   0x08003690   0x00000026   Code   RO          801    .text               mf_w.l(f2d.o)
    0x080036b6   0x080036b6   0x00000038   Code   RO          803    .text               mf_w.l(d2f.o)
    0x080036ee   0x080036ee   0x00000002   PAD
    0x080036f0   0x080036f0   0x00000014   Code   RO          805    .text               mf_w.l(cfcmple.o)
    0x08003704   0x08003704   0x00000014   Code   RO          807    .text               mf_w.l(cfrcmple.o)
    0x08003718   0x08003718   0x0000002c   Code   RO          855    .text               mc_w.l(uidiv.o)
    0x08003744   0x08003744   0x0000001e   Code   RO          859    .text               mc_w.l(llshl.o)
    0x08003762   0x08003762   0x00000020   Code   RO          861    .text               mc_w.l(llushr.o)
    0x08003782   0x08003782   0x00000024   Code   RO          863    .text               mc_w.l(llsshr.o)
    0x080037a6   0x080037a6   0x00000000   Code   RO          872    .text               mc_w.l(iusefp.o)
    0x080037a6   0x080037a6   0x0000006e   Code   RO          873    .text               mf_w.l(fepilogue.o)
    0x08003814   0x08003814   0x000000ba   Code   RO          875    .text               mf_w.l(depilogue.o)
    0x080038ce   0x080038ce   0x0000002e   Code   RO          877    .text               mf_w.l(dscalb.o)
    0x080038fc   0x080038fc   0x000000a2   Code   RO          879    .text               mf_w.l(dsqrt.o)
    0x0800399e   0x0800399e   0x00000002   PAD
    0x080039a0   0x080039a0   0x00000024   Code   RO          887    .text               mc_w.l(init.o)
    0x080039c4   0x080039c4   0x0000001a   Code   RO          889    .text               mf_w.l(dfltui.o)
    0x080039de   0x080039de   0x00000002   PAD
    0x080039e0   0x080039e0   0x00000020   Code   RO          565    i.__0printf$1       mc_w.l(printf1.o)
    0x08003a00   0x08003a00   0x00000028   Code   RO          826    i.__ARM_fpclassify  m_ws.l(fpclassify.o)
    0x08003a28   0x08003a28   0x00000388   Code   RO          830    i.__ieee754_rem_pio2  m_ws.l(rred.o)
    0x08003db0   0x08003db0   0x000000fc   Code   RO          809    i.__kernel_cos      m_ws.l(cos_i.o)
    0x08003eac   0x08003eac   0x000000aa   Code   RO          828    i.__kernel_poly     m_ws.l(poly.o)
    0x08003f56   0x08003f56   0x00000002   PAD
    0x08003f58   0x08003f58   0x000000ec   Code   RO          835    i.__kernel_sin      m_ws.l(sin_i.o)
    0x08004044   0x08004044   0x00000006   Code   RO          813    i.__mathlib_dbl_infnan  m_ws.l(dunder.o)
    0x0800404a   0x0800404a   0x0000000c   Code   RO          815    i.__mathlib_dbl_invalid  m_ws.l(dunder.o)
    0x08004056   0x08004056   0x00000002   PAD
    0x08004058   0x08004058   0x00000010   Code   RO          818    i.__mathlib_dbl_underflow  m_ws.l(dunder.o)
    0x08004068   0x08004068   0x0000000e   Code   RO          893    i.__scatterload_copy  mc_w.l(handlers.o)
    0x08004076   0x08004076   0x00000002   Code   RO          894    i.__scatterload_null  mc_w.l(handlers.o)
    0x08004078   0x08004078   0x0000000e   Code   RO          895    i.__scatterload_zeroinit  mc_w.l(handlers.o)
    0x08004086   0x08004086   0x00000002   PAD
    0x08004088   0x08004088   0x0000000c   Code   RO          867    i.__set_errno       mc_w.l(errno.o)
    0x08004094   0x08004094   0x00000154   Code   RO          572    i._printf_core      mc_w.l(printf1.o)
    0x080041e8   0x080041e8   0x00000270   Code   RO          474    i.asin              m_ws.l(asin.o)
    0x08004458   0x08004458   0x00000220   Code   RO          484    i.atan              m_ws.l(atan.o)
    0x08004678   0x08004678   0x0000009c   Code   RO          494    i.cos               m_ws.l(cos.o)
    0x08004714   0x08004714   0x000000a0   Code   RO          502    i.sin               m_ws.l(sin.o)
    0x080047b4   0x080047b4   0x0000004c   Code   RO          510    i.sqrt              m_ws.l(sqrt.o)
    0x08004800   0x08004800   0x00000050   Data   RO          475    .constdata          m_ws.l(asin.o)
    0x08004850   0x08004850   0x00000098   Data   RO          485    .constdata          m_ws.l(atan.o)
    0x080048e8   0x080048e8   0x00000030   Data   RO          810    .constdata          m_ws.l(cos_i.o)
    0x08004918   0x08004918   0x000000c8   Data   RO          832    .constdata          m_ws.l(rred.o)
    0x080049e0   0x080049e0   0x00000028   Data   RO          836    .constdata          m_ws.l(sin_i.o)
    0x08004a08   0x08004a08   0x00000020   Data   RO          891    Region$$Table       anon$$obj.o


    Execution Region RW_IRAM1 (Exec base: 0x20000000, Load base: 0x08004a28, Size: 0x000005e8, Max: 0x00010000, ABSOLUTE)

    Exec Addr    Load Addr    Size         Type   Attr      Idx    E Section Name        Object

    0x20000000   0x08004a28   0x00000014   Data   RW          178    .data               system_stm32f10x.o
    0x20000014   0x08004a3c   0x00000005   Data   RW          221    .data               timer.o
    0x20000019   0x08004a41   0x00000003   PAD
    0x2000001c   0x08004a44   0x00000080   Data   RW          246    .data               motor.o
    0x2000009c   0x08004ac4   0x00000030   Data   RW          278    .data               pid.o
    0x200000cc   0x08004af4   0x00000004   Data   RW          296    .data               delay.o
    0x200000d0   0x08004af8   0x00000006   Data   RW          328    .data               usart.o
    0x200000d6   0x08004afe   0x00000002   PAD
    0x200000d8   0x08004b00   0x00000030   Data   RW          351    .data               usart3.o
    0x20000108   0x08004b30   0x00000014   Data   RW          424    .data               stm32f10x_rcc.o
    0x2000011c   0x08004b44   0x00000004   Data   RW          868    .data               mc_w.l(errno.o)
    0x20000120        -       0x000000c8   Zero   RW          327    .bss                usart.o
    0x200001e8        -       0x00000400   Zero   RW          392    STACK               startup_stm32f10x_hd.o


==============================================================================

Image component sizes


      Code (inc. data)   RO Data    RW Data    ZI Data      Debug   Object Name

       212         18          0          4          0       1067   delay.o
       192         26          0          0          0     253487   main.o
       220         22          0          0          0       1825   misc.o
      2240        254          0        128          0       3654   motor.o
       408         54          0         48          0       1732   pid.o
        36          8        304          0       1024        792   startup_stm32f10x_hd.o
       860         38          0          0          0       5757   stm32f10x_gpio.o
        26          0          0          0          0       1190   stm32f10x_it.o
       932         36          0         20          0       8944   stm32f10x_rcc.o
      3610         88          0          0          0      22864   stm32f10x_tim.o
      1032         22          0          0          0       8480   stm32f10x_usart.o
       712         44          0          0          0       2736   sys.o
       480         38          0         20          0       1775   system_stm32f10x.o
       448         28          0          5          0       2081   timer.o
       320         16          0          6        200       3210   usart.o
       564         44          0         48          0       2782   usart3.o

    ----------------------------------------------------------------------
     12296        736        336        284       1224     322376   Object Totals
         0          0         32          0          0          0   (incl. Generated)
         4          0          0          5          0          0   (incl. Padding)

    ----------------------------------------------------------------------

      Code (inc. data)   RO Data    RW Data    ZI Data      Debug   Library Member Name

       624         52         80          0          0        168   asin.o
       544         70        152          0          0        124   atan.o
       156          8          0          0          0        104   cos.o
       252         22         48          0          0        124   cos_i.o
        34          6          0          0          0        204   dunder.o
        40          0          0          0          0         68   fpclassify.o
       170          0          0          0          0         96   poly.o
       904         76        200          0          0        140   rred.o
       160         10          0          0          0        108   sin.o
       236         12         40          0          0        128   sin_i.o
        76          0          0          0          0         84   sqrt.o
         0          0          0          0          0          0   entry.o
         0          0          0          0          0          0   entry10a.o
         0          0          0          0          0          0   entry11a.o
         8          4          0          0          0          0   entry2.o
         4          0          0          0          0          0   entry5.o
         0          0          0          0          0          0   entry7b.o
         0          0          0          0          0          0   entry8b.o
         8          4          0          0          0          0   entry9a.o
        12          6          0          4          0         68   errno.o
        30          0          0          0          0          0   handlers.o
        36          8          0          0          0         68   init.o
         0          0          0          0          0          0   iusefp.o
        30          0          0          0          0         68   llshl.o
        36          0          0          0          0         68   llsshr.o
        32          0          0          0          0         68   llushr.o
       372         14          0          0          0        184   printf1.o
        44          0          0          0          0         80   uidiv.o
        20          0          0          0          0         68   cfcmple.o
        20          0          0          0          0         68   cfrcmple.o
        56          0          0          0          0         88   d2f.o
       334          0          0          0          0        148   dadd.o
       222          0          0          0          0        100   ddiv.o
       186          0          0          0          0        176   depilogue.o
        62          0          0          0          0         80   dfixi.o
        34          0          0          0          0         76   dflti.o
        26          0          0          0          0         76   dfltui.o
       228          0          0          0          0         96   dmul.o
        46          0          0          0          0         80   dscalb.o
       162          0          0          0          0        100   dsqrt.o
        38          0          0          0          0         68   f2d.o
       176          0          0          0          0        140   fadd.o
       124          0          0          0          0         88   fdiv.o
       110          0          0          0          0        168   fepilogue.o
        50          0          0          0          0         68   ffixi.o
        18          0          0          0          0         68   fflti.o
       100          0          0          0          0         76   fmul.o

    ----------------------------------------------------------------------
      5832        292        520          4          0       3784   Library Totals
        12          0          0          0          0          0   (incl. Padding)

    ----------------------------------------------------------------------

      Code (inc. data)   RO Data    RW Data    ZI Data      Debug   Library Name

      3196        256        520          0          0       1348   m_ws.l
       612         36          0          4          0        604   mc_w.l
      2012          0          0          0          0       1832   mf_w.l

    ----------------------------------------------------------------------
      5832        292        520          4          0       3784   Library Totals

    ----------------------------------------------------------------------

==============================================================================


      Code (inc. data)   RO Data    RW Data    ZI Data      Debug   

     18128       1028        856        288       1224     323140   Grand Totals
     18128       1028        856        288       1224     323140   ELF Image Totals
     18128       1028        856        288          0          0   ROM Totals

==============================================================================

    Total RO  Size (Code + RO Data)                18984 (  18.54kB)
    Total RW  Size (RW Data + ZI Data)              1512 (   1.48kB)
    Total ROM Size (Code + RO Data + RW Data)      19272 (  18.82kB)

==============================================================================

